Component: ARM Compiler 5.06 update 6 (build 750) Tool: armlink [4d35ed]

==============================================================================

Section Cross References

    systemclock_config.o(i.SystemClock_Config) refers to stm32f4xx_hal_rcc.o(i.HAL_RCC_OscConfig) for HAL_RCC_OscConfig
    systemclock_config.o(i.SystemClock_Config) refers to systemclock_config.o(i.Error_Handler) for Error_Handler
    systemclock_config.o(i.SystemClock_Config) refers to stm32f4xx_hal_rcc.o(i.HAL_RCC_ClockConfig) for HAL_RCC_ClockConfig
    systemclock_config.o(i.SystemClock_Config) refers to stm32f4xx_hal.o(i.HAL_GetREVID) for HAL_GetREVID
    manip4.o(i.app_main) refers to rtx_thread.o(i.osThreadNew) for osThreadNew
    manip4.o(i.app_main) refers to rtx_thread.o(i.osThreadGetId) for osThreadGetId
    manip4.o(i.app_main) refers to rtx_thread.o(i.osThreadTerminate) for osThreadTerminate
    manip4.o(i.app_main) refers to manip4.o(i.thread_A) for thread_A
    manip4.o(i.app_main) refers to manip4.o(i.thread_B) for thread_B
    manip4.o(i.app_main) refers to manip4.o(.constdata) for .constdata
    manip4.o(i.app_main) refers to manip4.o(i.thread_C) for thread_C
    manip4.o(i.app_main) refers to manip4.o(i.thread_D) for thread_D
    manip4.o(i.main) refers to led_f4discovery.o(i.LED_Initialize) for LED_Initialize
    manip4.o(i.main) refers to stm32f4xx_hal.o(i.HAL_Init) for HAL_Init
    manip4.o(i.main) refers to systemclock_config.o(i.SystemClock_Config) for SystemClock_Config
    manip4.o(i.main) refers to system_stm32f4xx.o(i.SystemCoreClockUpdate) for SystemCoreClockUpdate
    manip4.o(i.main) refers to eventrecorder.o(i.EventRecorderInitialize) for EventRecorderInitialize
    manip4.o(i.main) refers to eventrecorder.o(i.EventRecorderEnable) for EventRecorderEnable
    manip4.o(i.main) refers to rtx_kernel.o(i.osKernelInitialize) for osKernelInitialize
    manip4.o(i.main) refers to rtx_thread.o(i.osThreadNew) for osThreadNew
    manip4.o(i.main) refers to rtx_kernel.o(i.osKernelStart) for osKernelStart
    manip4.o(i.main) refers to manip4.o(i.app_main) for app_main
    manip4.o(i.thread_A) refers to led_f4discovery.o(i.LED_On) for LED_On
    manip4.o(i.thread_A) refers to led_f4discovery.o(i.LED_Off) for LED_Off
    manip4.o(i.thread_A) refers to rtx_delay.o(i.osDelay) for osDelay
    manip4.o(i.thread_B) refers to led_f4discovery.o(i.LED_On) for LED_On
    manip4.o(i.thread_B) refers to led_f4discovery.o(i.LED_Off) for LED_Off
    manip4.o(i.thread_C) refers to led_f4discovery.o(i.LED_On) for LED_On
    manip4.o(i.thread_C) refers to led_f4discovery.o(i.LED_Off) for LED_Off
    manip4.o(i.thread_D) refers to led_f4discovery.o(i.LED_On) for LED_On
    manip4.o(i.thread_D) refers to led_f4discovery.o(i.LED_Off) for LED_Off
    led_f4discovery.o(i.LED_Initialize) refers to stm32f4xx_hal_gpio.o(i.HAL_GPIO_Init) for HAL_GPIO_Init
    led_f4discovery.o(i.LED_Off) refers to stm32f4xx_hal_gpio.o(i.HAL_GPIO_WritePin) for HAL_GPIO_WritePin
    led_f4discovery.o(i.LED_Off) refers to led_f4discovery.o(.constdata) for .constdata
    led_f4discovery.o(i.LED_On) refers to stm32f4xx_hal_gpio.o(i.HAL_GPIO_WritePin) for HAL_GPIO_WritePin
    led_f4discovery.o(i.LED_On) refers to led_f4discovery.o(.constdata) for .constdata
    led_f4discovery.o(i.LED_SetOut) refers to led_f4discovery.o(i.LED_On) for LED_On
    led_f4discovery.o(i.LED_SetOut) refers to led_f4discovery.o(i.LED_Off) for LED_Off
    led_f4discovery.o(i.LED_Uninitialize) refers to stm32f4xx_hal_gpio.o(i.HAL_GPIO_DeInit) for HAL_GPIO_DeInit
    irq_cm4f.o(.text) refers to rtx_system.o(i.osRtxPendSV_Handler) for osRtxPendSV_Handler
    irq_cm4f.o(.text) refers to rtx_system.o(i.osRtxTick_Handler) for osRtxTick_Handler
    irq_cm4f.o(.text) refers to rtx_kernel.o(.data.os) for osRtxInfo
    irq_cm4f.o(.text) refers to rtx_lib.o(.constdata) for osRtxUserSVC
    rtx_delay.o(i.osDelay) refers to rtx_evr.o(i.EvrRtxThreadDelay) for EvrRtxThreadDelay
    rtx_delay.o(i.osDelay) refers to rtx_delay.o(i.IsIrqMode) for IsIrqMode
    rtx_delay.o(i.osDelay) refers to rtx_delay.o(i.IsIrqMasked) for IsIrqMasked
    rtx_delay.o(i.osDelay) refers to rtx_evr.o(i.EvrRtxThreadError) for EvrRtxThreadError
    rtx_delay.o(i.osDelay) refers to rtx_delay.o(i.svcRtxDelay) for svcRtxDelay
    rtx_delay.o(i.osDelayUntil) refers to rtx_evr.o(i.EvrRtxThreadDelayUntil) for EvrRtxThreadDelayUntil
    rtx_delay.o(i.osDelayUntil) refers to rtx_delay.o(i.IsIrqMode) for IsIrqMode
    rtx_delay.o(i.osDelayUntil) refers to rtx_delay.o(i.IsIrqMasked) for IsIrqMasked
    rtx_delay.o(i.osDelayUntil) refers to rtx_evr.o(i.EvrRtxThreadError) for EvrRtxThreadError
    rtx_delay.o(i.osDelayUntil) refers to rtx_delay.o(i.svcRtxDelayUntil) for svcRtxDelayUntil
    rtx_delay.o(i.svcRtxDelay) refers to rtx_thread.o(i.osRtxThreadWaitEnter) for osRtxThreadWaitEnter
    rtx_delay.o(i.svcRtxDelay) refers to rtx_evr.o(i.EvrRtxThreadDelayCompleted) for EvrRtxThreadDelayCompleted
[...]
    i.osRtxThreadReadyPut                    0x08002ce8   Section        0  rtx_thread.o(i.osRtxThreadReadyPut)
    i.osRtxThreadRegPtr                      0x08002cf8   Section        0  rtx_thread.o(i.osRtxThreadRegPtr)
    i.osRtxThreadStackCheck                  0x08002d0c   Section        0  rtx_thread.o(i.osRtxThreadStackCheck)
    i.osRtxThreadStartup                     0x08002d34   Section        0  rtx_thread.o(i.osRtxThreadStartup)
    i.osRtxThreadSwitch                      0x08002d80   Section        0  rtx_thread.o(i.osRtxThreadSwitch)
    i.osRtxThreadWaitEnter                   0x08002da0   Section        0  rtx_thread.o(i.osRtxThreadWaitEnter)
    i.osRtxThreadWaitExit                    0x08002de8   Section        0  rtx_thread.o(i.osRtxThreadWaitExit)
    i.osRtxTick_Handler                      0x08002e1c   Section        0  rtx_system.o(i.osRtxTick_Handler)
    i.osRtxTimerThread                       0x08002e98   Section        0  rtx_timer.o(i.osRtxTimerThread)
    i.osRtxTimerTick                         0x08002ee4   Section        0  rtx_timer.o(i.osRtxTimerTick)
    osRtxTimerTick                           0x08002ee5   Thumb Code    82  rtx_timer.o(i.osRtxTimerTick)
    i.osThreadExit                           0x08002f3c   Section        0  rtx_thread.o(i.osThreadExit)
    i.osThreadGetId                          0x08002f58   Section        0  rtx_thread.o(i.osThreadGetId)
    i.osThreadNew                            0x08002f7c   Section        0  rtx_thread.o(i.osThreadNew)
    i.osThreadTerminate                      0x08002fbc   Section        0  rtx_thread.o(i.osThreadTerminate)
    i.os_kernel_is_active                    0x08002ff0   Section        0  rtx_lib.o(i.os_kernel_is_active)
    os_kernel_is_active                      0x08002ff1   Thumb Code    26  rtx_lib.o(i.os_kernel_is_active)
    i.svcRtxDelay                            0x08003010   Section        0  rtx_delay.o(i.svcRtxDelay)
    svcRtxDelay                              0x08003011   Thumb Code    24  rtx_delay.o(i.svcRtxDelay)
    i.svcRtxKernelGetState                   0x08003028   Section        0  rtx_kernel.o(i.svcRtxKernelGetState)
    svcRtxKernelGetState                     0x08003029   Thumb Code    16  rtx_kernel.o(i.svcRtxKernelGetState)
    i.svcRtxKernelInitialize                 0x0800303c   Section        0  rtx_kernel.o(i.svcRtxKernelInitialize)
    svcRtxKernelInitialize                   0x0800303d   Thumb Code   382  rtx_kernel.o(i.svcRtxKernelInitialize)
    i.svcRtxKernelStart                      0x080031c4   Section        0  rtx_kernel.o(i.svcRtxKernelStart)
    svcRtxKernelStart                        0x080031c5   Thumb Code   176  rtx_kernel.o(i.svcRtxKernelStart)
    i.svcRtxMessageQueueGet                  0x08003284   Section        0  rtx_msgqueue.o(i.svcRtxMessageQueueGet)
    svcRtxMessageQueueGet                    0x08003285   Thumb Code   272  rtx_msgqueue.o(i.svcRtxMessageQueueGet)
    i.svcRtxMessageQueueNew                  0x08003398   Section        0  rtx_msgqueue.o(i.svcRtxMessageQueueNew)
    svcRtxMessageQueueNew                    0x08003399   Thumb Code   360  rtx_msgqueue.o(i.svcRtxMessageQueueNew)
    i.svcRtxMessageQueuePut                  0x08003508   Section        0  rtx_msgqueue.o(i.svcRtxMessageQueuePut)
    svcRtxMessageQueuePut                    0x08003509   Thumb Code   246  rtx_msgqueue.o(i.svcRtxMessageQueuePut)
    i.svcRtxMutexAcquire                     0x08003604   Section        0  rtx_mutex.o(i.svcRtxMutexAcquire)
    svcRtxMutexAcquire                       0x08003605   Thumb Code   224  rtx_mutex.o(i.svcRtxMutexAcquire)
    i.svcRtxMutexDelete                      0x080036e8   Section        0  rtx_mutex.o(i.svcRtxMutexDelete)
    svcRtxMutexDelete                        0x080036e9   Thumb Code   190  rtx_mutex.o(i.svcRtxMutexDelete)
    i.svcRtxMutexNew                         0x080037ac   Section        0  rtx_mutex.o(i.svcRtxMutexNew)
    svcRtxMutexNew                           0x080037ad   Thumb Code   144  rtx_mutex.o(i.svcRtxMutexNew)
    i.svcRtxMutexRelease                     0x08003840   Section        0  rtx_mutex.o(i.svcRtxMutexRelease)
    svcRtxMutexRelease                       0x08003841   Thumb Code   226  rtx_mutex.o(i.svcRtxMutexRelease)
    i.svcRtxThreadExit                       0x08003928   Section        0  rtx_thread.o(i.svcRtxThreadExit)
    svcRtxThreadExit                         0x08003929   Thumb Code   118  rtx_thread.o(i.svcRtxThreadExit)
    i.svcRtxThreadGetId                      0x080039a4   Section        0  rtx_thread.o(i.svcRtxThreadGetId)
    svcRtxThreadGetId                        0x080039a5   Thumb Code    16  rtx_thread.o(i.svcRtxThreadGetId)
    i.svcRtxThreadNew                        0x080039b8   Section        0  rtx_thread.o(i.svcRtxThreadNew)
    svcRtxThreadNew                          0x080039b9   Thumb Code   512  rtx_thread.o(i.svcRtxThreadNew)
    i.svcRtxThreadTerminate                  0x08003bcc   Section        0  rtx_thread.o(i.svcRtxThreadTerminate)
    svcRtxThreadTerminate                    0x08003bcd   Thumb Code   224  rtx_thread.o(i.svcRtxThreadTerminate)
    i.thread_A                               0x08003cb0   Section        0  manip4.o(i.thread_A)
    i.thread_B                               0x08003cdc   Section        0  manip4.o(i.thread_B)
    i.thread_C                               0x08003d00   Section        0  manip4.o(i.thread_C)
    i.thread_D                               0x08003d24   Section        0  manip4.o(i.thread_D)
    x$fpl$fpinit                             0x08003d48   Section       10  fpinit.o(x$fpl$fpinit)
    $v0                                      0x08003d48   Number         0  fpinit.o(x$fpl$fpinit)
    .constdata                               0x08003d54   Section       36  manip4.o(.constdata)
    .constdata                               0x08003d78   Section       32  led_f4discovery.o(.constdata)
    LED_PIN                                  0x08003d78   Data          32  led_f4discovery.o(.constdata)
    .constdata                               0x08003d98   Section       36  rtx_lib.o(.constdata)
    os_idle_thread_attr                      0x08003d98   Data          36  rtx_lib.o(.constdata)
    .constdata                               0x08003dbc   Section       36  rtx_lib.o(.constdata)
    os_timer_thread_attr                     0x08003dbc   Data          36  rtx_lib.o(.constdata)
    .constdata                               0x08003de0   Section       24  rtx_lib.o(.constdata)
    os_timer_mq_attr                         0x08003de0   Data          24  rtx_lib.o(.constdata)
    .constdata                               0x08003df8   Section        4  rtx_lib.o(.constdata)
    .constdata                               0x08003dfc   Section       24  eventrecorder.o(.constdata)
    __tagsym$$used                           0x08003dfc   Number         0  eventrecorder.o(.constdata)
    .constdata                               0x08003e14   Section       16  system_stm32f4xx.o(.constdata)
    .conststrlit                             0x08003e24   Section       11  rtx_kernel.o(.conststrlit)
    .rodata                                  0x08003e30   Section      104  rtx_lib.o(.rodata)
    __tagsym$$used                           0x08003e30   Number         0  rtx_lib.o(.rodata)
    .bss.os                                  0x20000000   Section     4096  rtx_lib.o(.bss.os)
    os_mem                                   0x20000000   Data        4096  rtx_lib.o(.bss.os)
    .bss.os                                  0x20001000   Section       64  rtx_lib.o(.bss.os)
    os_isr_queue                             0x20001000   Data          64  rtx_lib.o(.bss.os)
    .bss.os.msgqueue.cb                      0x20001040   Section       52  rtx_lib.o(.bss.os.msgqueue.cb)
    os_timer_mq_cb                           0x20001040   Data          52  rtx_lib.o(.bss.os.msgqueue.cb)
    .bss.os.msgqueue.mem                     0x20001074   Section       80  rtx_lib.o(.bss.os.msgqueue.mem)
    os_timer_mq_data                         0x20001074   Data          80  rtx_lib.o(.bss.os.msgqueue.mem)
    .bss.os.thread.cb                        0x200010c4   Section       68  rtx_lib.o(.bss.os.thread.cb)
    os_idle_thread_cb                        0x200010c4   Data          68  rtx_lib.o(.bss.os.thread.cb)
    .bss.os.thread.cb                        0x20001108   Section       68  rtx_lib.o(.bss.os.thread.cb)
    os_timer_thread_cb                       0x20001108   Data          68  rtx_lib.o(.bss.os.thread.cb)
    .bss.os.thread.stack                     0x20001150   Section      256  rtx_lib.o(.bss.os.thread.stack)
    os_idle_thread_stack                     0x20001150   Data         256  rtx_lib.o(.bss.os.thread.stack)
    .bss.os.thread.stack                     0x20001250   Section      256  rtx_lib.o(.bss.os.thread.stack)
    os_timer_thread_stack                    0x20001250   Data         256  rtx_lib.o(.bss.os.thread.stack)
    .data                                    0x20001350   Section        1  rtx_lib.o(.data)
    os_kernel_active                         0x20001350   Data           1  rtx_lib.o(.data)
    .data                                    0x20001351   Section        1  os_systick.o(.data)
    PendST                                   0x20001351   Data           1  os_systick.o(.data)
    .data                                    0x20001354   Section       12  stm32f4xx_hal.o(.data)
    .data                                    0x20001360   Section        4  system_stm32f4xx.o(.data)
    .data.os                                 0x20001364   Section      164  rtx_kernel.o(.data.os)
    .bss                                     0x20001408   Section       96  libspace.o(.bss)
    .bss.noinit                              0x20001480   Section     1188  eventrecorder.o(.bss.noinit)
    EventBuffer                              0x20001480   Data        1024  eventrecorder.o(.bss.noinit)
    EventFilter                              0x20001880   Data         128  eventrecorder.o(.bss.noinit)
    EventStatus                              0x20001900   Data          36  eventrecorder.o(.bss.noinit)
    HEAP                                     0x20001928   Section      512  startup_stm32f407xx.o(HEAP)
    Heap_Mem                                 0x20001928   Data         512  startup_stm32f407xx.o(HEAP)
    STACK                                    0x20001b28   Section     1024  startup_stm32f407xx.o(STACK)
    Stack_Mem                                0x20001b28   Data        1024  startup_stm32f407xx.o(STACK)
    __initial_sp                             0x20001f28   Data           0  startup_stm32f407xx.o(STACK)

    Global Symbols

    Symbol Name                              Value     Ov Type        Size  Object(Section)

    BuildAttributes$$THM_ISAv4$E$P$D$K$B$S$7EM$VFPi3$EXTD16$VFPS$VFMA$PE$A:L22UL41UL21$X:L11$S22US41US21$IEEE1$IW$USESV6$~STKCKD$USESV7$~SHL$OSPACE$ROPI$EBA8$UX$STANDARDLIB$REQ8$PRES8$EABIv2 0x00000000   Number         0  anon$$obj.o ABSOLUTE
    __ARM_use_no_argv                        0x00000000   Number         0  manip4.o ABSOLUTE
    .bss.os.evflags.cb$$Base                  - Undefined Weak Reference
    .bss.os.evflags.cb$$Limit                 - Undefined Weak Reference
    .bss.os.mempool.cb$$Base                  - Undefined Weak Reference
    .bss.os.mempool.cb$$Limit                 - Undefined Weak Reference
    .bss.os.mutex.cb$$Base                    - Undefined Weak Reference
    .bss.os.mutex.cb$$Limit                   - Undefined Weak Reference
    .bss.os.semaphore.cb$$Base                - Undefined Weak Reference
    .bss.os.semaphore.cb$$Limit               - Undefined Weak Reference
    .bss.os.timer.cb$$Base                    - Undefined Weak Reference
    .bss.os.timer.cb$$Limit                   - Undefined Weak Reference
    __ARM_exceptions_init                     - Undefined Weak Reference
    __alloca_initialize                       - Undefined Weak Reference
    __arm_preinit_                            - Undefined Weak Reference
    __cpp_initialize__aeabi_                  - Undefined Weak Reference
    __cxa_finalize                            - Undefined Weak Reference
    __rt_locale                               - Undefined Weak Reference
    __sigvec_lookup                           - Undefined Weak Reference
    _atexit_init                              - Undefined Weak Reference
    _call_atexit_fns                          - Undefined Weak Reference
    _clock_init                               - Undefined Weak Reference
    _fp_trap_init                             - Undefined Weak Reference
    _fp_trap_shutdown                         - Undefined Weak Reference
    _get_lc_collate                           - Undefined Weak Reference
    _get_lc_ctype                             - Undefined Weak Reference
    _get_lc_monetary                          - Undefined Weak Reference
    _get_lc_numeric                           - Undefined Weak Reference
    _get_lc_time                              - Undefined Weak Reference
    _getenv_init                              - Undefined Weak Reference
    _handle_redirection                       - Undefined Weak Reference
    _init_alloc                               - Undefined Weak Reference
    _init_user_alloc                          - Undefined Weak Reference
    _initio                                   - Undefined Weak Reference
    _rand_init                                - Undefined Weak Reference
    _signal_finish                            - Undefined Weak Reference
    _signal_init                              - Undefined Weak Reference
    _terminate_alloc                          - Undefined Weak Reference
    _terminate_user_alloc                     - Undefined Weak Reference
    _terminateio                              - Undefined Weak Reference
    __Vectors_Size                           0x00000188   Number         0  startup_stm32f407xx.o ABSOLUTE
    __Vectors                                0x08000000   Data           4  startup_stm32f407xx.o(RESET)
    __Vectors_End                            0x08000188   Data           0  startup_stm32f407xx.o(RESET)
    __main                                   0x08000189   Thumb Code     8  __main.o(!!!main)
    __scatterload                            0x08000191   Thumb Code     0  __scatter.o(!!!scatter)
    __scatterload_rt2                        0x08000191   Thumb Code    44  __scatter.o(!!!scatter)
    __scatterload_rt2_thumb_only             0x08000191   Thumb Code     0  __scatter.o(!!!scatter)
    __scatterload_null                       0x0800019f   Thumb Code     0  __scatter.o(!!!scatter)
    __decompress                             0x080001c5   Thumb Code    58  __dczerorl.o(!!dczerorl)
    __decompress0                            0x080001c5   Thumb Code     0  __dczerorl.o(!!dczerorl)
    __scatterload_zeroinit                   0x08000201   Thumb Code    28  __scatter_zi.o(!!handler_zi)
    __rt_lib_init                            0x0800021d   Thumb Code     0  libinit.o(.ARM.Collect$$libinit$$00000000)
    __rt_lib_init_fp_1                       0x0800021f   Thumb Code     0  libinit2.o(.ARM.Collect$$libinit$$00000001)
    __rt_lib_init_alloca_1                   0x08000223   Thumb Code     0  libinit2.o(.ARM.Collect$$libinit$$0000002E)
    __rt_lib_init_argv_1                     0x08000223   Thumb Code     0  libinit2.o(.ARM.Collect$$libinit$$0000002C)
    __rt_lib_init_atexit_1                   0x08000223   Thumb Code     0  libinit2.o(.ARM.Collect$$libinit$$0000001B)
    __rt_lib_init_clock_1                    0x08000223   Thumb Code     0  libinit2.o(.ARM.Collect$$libinit$$00000021)
    __rt_lib_init_cpp_1                      0x08000223   Thumb Code     0  libinit2.o(.ARM.Collect$$libinit$$00000032)
    __rt_lib_init_exceptions_1               0x08000223   Thumb Code     0  libinit2.o(.ARM.Collect$$libinit$$00000030)
    __rt_lib_init_fp_trap_1                  0x08000223   Thumb Code     0  libinit2.o(.ARM.Collect$$libinit$$0000001F)
    __rt_lib_init_getenv_1                   0x08000223   Thumb Code     0  libinit2.o(.ARM.Collect$$libinit$$00000023)
    __rt_lib_init_heap_1                     0x08000223   Thumb Code     0  libinit2.o(.ARM.Collect$$libinit$$0000000A)
    __rt_lib_init_lc_collate_1               0x08000223   Thumb Code     0  libinit2.o(.ARM.Collect$$libinit$$00000011)
    __rt_lib_init_lc_ctype_1                 0x08000223   Thumb Code     0  libinit2.o(.ARM.Collect$$libinit$$00000013)
    __rt_lib_init_lc_monetary_1              0x08000223   Thumb Code     0  libinit2.o(.ARM.Collect$$libinit$$00000015)
    __rt_lib_init_lc_numeric_1               0x08000223   Thumb Code     0  libinit2.o(.ARM.Collect$$libinit$$00000017)
    __rt_lib_init_lc_time_1                  0x08000223   Thumb Code     0  libinit2.o(.ARM.Collect$$libinit$$00000019)
    __rt_lib_init_preinit_1                  0x08000223   Thumb Code     0  libinit2.o(.ARM.Collect$$libinit$$00000004)
    __rt_lib_init_rand_1                     0x08000223   Thumb Code     0  libinit2.o(.ARM.Collect$$libinit$$0000000E)
    __rt_lib_init_return                     0x08000223   Thumb Code     0  libinit2.o(.ARM.Collect$$libinit$$00000033)
    __rt_lib_init_signal_1                   0x08000223   Thumb Code     0  libinit2.o(.ARM.Collect$$libinit$$0000001D)
    __rt_lib_init_stdio_1                    0x08000223   Thumb Code     0  libinit2.o(.ARM.Collect$$libinit$$00000025)
    __rt_lib_init_user_alloc_1               0x08000223   Thumb Code     0  libinit2.o(.ARM.Collect$$libinit$$0000000C)
    __rt_lib_shutdown                        0x08000225   Thumb Code     0  libshutdown.o(.ARM.Collect$$libshutdown$$00000000)
    __rt_lib_shutdown_cpp_1                  0x08000227   Thumb Code     0  libshutdown2.o(.ARM.Collect$$libshutdown$$00000002)
    __rt_lib_shutdown_fp_trap_1              0x08000227   Thumb Code     0  libshutdown2.o(.ARM.Collect$$libshutdown$$00000007)
    __rt_lib_shutdown_heap_1                 0x08000227   Thumb Code     0  libshutdown2.o(.ARM.Collect$$libshutdown$$0000000F)
    __rt_lib_shutdown_return                 0x08000227   Thumb Code     0  libshutdown2.o(.ARM.Collect$$libshutdown$$00000010)
    __rt_lib_shutdown_signal_1               0x08000227   Thumb Code     0  libshutdown2.o(.ARM.Collect$$libshutdown$$0000000A)
    __rt_lib_shutdown_stdio_1                0x08000227   Thumb Code     0  libshutdown2.o(.ARM.Collect$$libshutdown$$00000004)
    __rt_lib_shutdown_user_alloc_1           0x08000227   Thumb Code     0  libshutdown2.o(.ARM.Collect$$libshutdown$$0000000C)
    __rt_entry                               0x08000229   Thumb Code     0  __rtentry.o(.ARM.Collect$$rtentry$$00000000)
    __rt_entry_presh_1                       0x08000229   Thumb Code     0  __rtentry2.o(.ARM.Collect$$rtentry$$00000002)
    __rt_entry_sh                            0x08000229   Thumb Code     0  __rtentry4.o(.ARM.Collect$$rtentry$$00000004)
    __rt_entry_postsh_1                      0x0800022f   Thumb Code     0  __rtentry2.o(.ARM.Collect$$rtentry$$00000008)
    __rt_entry_li                            0x08000237   Thumb Code     0  __rtentry2.o(.ARM.Collect$$rtentry$$0000000A)
    __rt_entry_main                          0x0800023b   Thumb Code     0  __rtentry2.o(.ARM.Collect$$rtentry$$0000000D)
    __rt_entry_postli_1                      0x0800023b   Thumb Code     0  __rtentry2.o(.ARM.Collect$$rtentry$$0000000C)
    __rt_exit                                0x08000243   Thumb Code     0  rtexit.o(.ARM.Collect$$rtexit$$00000000)
    __rt_exit_ls                             0x08000245   Thumb Code     0  rtexit2.o(.ARM.Collect$$rtexit$$00000003)
    __rt_exit_prels_1                        0x08000245   Thumb Code     0  rtexit2.o(.ARM.Collect$$rtexit$$00000002)
    __rt_exit_exit                           0x08000249   Thumb Code     0  rtexit2.o(.ARM.Collect$$rtexit$$00000004)
    __asm___13_rtx_mempool_c_7914b4c7__atomic_wr8 0x08000251   Thumb Code    16  rtx_mempool.o(.emb_text)
    __asm___13_rtx_mempool_c_7914b4c7__atomic_set32 0x08000261   Thumb Code    20  rtx_mempool.o(.emb_text)
    __asm___13_rtx_mempool_c_7914b4c7__atomic_clr32 0x08000275   Thumb Code    22  rtx_mempool.o(.emb_text)
    __asm___13_rtx_mempool_c_7914b4c7__atomic_chk32_all 0x0800028b   Thumb Code    38  rtx_mempool.o(.emb_text)
    __asm___13_rtx_mempool_c_7914b4c7__atomic_chk32_any 0x080002b1   Thumb Code    34  rtx_mempool.o(.emb_text)
    __asm___13_rtx_mempool_c_7914b4c7__atomic_inc32 0x080002d3   Thumb Code    18  rtx_mempool.o(.emb_text)
    __asm___13_rtx_mempool_c_7914b4c7__atomic_inc16_lt 0x080002e5   Thumb Code    30  rtx_mempool.o(.emb_text)
    __asm___13_rtx_mempool_c_7914b4c7__atomic_inc16_lim 0x08000303   Thumb Code    26  rtx_mempool.o(.emb_text)
    __asm___13_rtx_mempool_c_7914b4c7__atomic_dec32 0x0800031d   Thumb Code    18  rtx_mempool.o(.emb_text)
    __asm___13_rtx_mempool_c_7914b4c7__atomic_dec32_nz 0x0800032f   Thumb Code    26  rtx_mempool.o(.emb_text)
    __asm___13_rtx_mempool_c_7914b4c7__atomic_dec16_nz 0x08000349   Thumb Code    26  rtx_mempool.o(.emb_text)
    __asm___13_rtx_mempool_c_7914b4c7__atomic_link_get 0x08000363   Thumb Code    26  rtx_mempool.o(.emb_text)
    __asm___13_rtx_mempool_c_7914b4c7__atomic_link_put 0x0800037d   Thumb Code    28  rtx_mempool.o(.emb_text)
    __asm___14_rtx_msgqueue_c_ba128ae8__atomic_wr8 0x08000399   Thumb Code    16  rtx_msgqueue.o(.emb_text)
    __asm___14_rtx_msgqueue_c_ba128ae8__atomic_set32 0x080003a9   Thumb Code    20  rtx_msgqueue.o(.emb_text)
    __asm___14_rtx_msgqueue_c_ba128ae8__atomic_clr32 0x080003bd   Thumb Code    22  rtx_msgqueue.o(.emb_text)
    __asm___14_rtx_msgqueue_c_ba128ae8__atomic_chk32_all 0x080003d3   Thumb Code    38  rtx_msgqueue.o(.emb_text)
    __asm___14_rtx_msgqueue_c_ba128ae8__atomic_chk32_any 0x080003f9   Thumb Code    34  rtx_msgqueue.o(.emb_text)
    __asm___14_rtx_msgqueue_c_ba128ae8__atomic_inc32 0x0800041b   Thumb Code    18  rtx_msgqueue.o(.emb_text)
    __asm___14_rtx_msgqueue_c_ba128ae8__atomic_inc16_lt 0x0800042d   Thumb Code    30  rtx_msgqueue.o(.emb_text)
    __asm___14_rtx_msgqueue_c_ba128ae8__atomic_inc16_lim 0x0800044b   Thumb Code    26  rtx_msgqueue.o(.emb_text)
    __asm___14_rtx_msgqueue_c_ba128ae8__atomic_dec32 0x08000465   Thumb Code    18  rtx_msgqueue.o(.emb_text)
    __asm___14_rtx_msgqueue_c_ba128ae8__atomic_dec32_nz 0x08000477   Thumb Code    26  rtx_msgqueue.o(.emb_text)
    __asm___14_rtx_msgqueue_c_ba128ae8__atomic_dec16_nz 0x08000491   Thumb Code    26  rtx_msgqueue.o(.emb_text)
    __asm___14_rtx_msgqueue_c_ba128ae8__atomic_link_get 0x080004ab   Thumb Code    26  rtx_msgqueue.o(.emb_text)
    __asm___14_rtx_msgqueue_c_ba128ae8__atomic_link_put 0x080004c5   Thumb Code    28  rtx_msgqueue.o(.emb_text)
    __asm___12_rtx_system_c_024f2f18__atomic_wr8 0x080004e1   Thumb Code    16  rtx_system.o(.emb_text)
    __asm___12_rtx_system_c_024f2f18__atomic_set32 0x080004f1   Thumb Code    20  rtx_system.o(.emb_text)
    __asm___12_rtx_system_c_024f2f18__atomic_clr32 0x08000505   Thumb Code    22  rtx_system.o(.emb_text)
    __asm___12_rtx_system_c_024f2f18__atomic_chk32_all 0x0800051b   Thumb Code    38  rtx_system.o(.emb_text)
    __asm___12_rtx_system_c_024f2f18__atomic_chk32_any 0x08000541   Thumb Code    34  rtx_system.o(.emb_text)
    __asm___12_rtx_system_c_024f2f18__atomic_inc32 0x08000563   Thumb Code    18  rtx_system.o(.emb_text)
    __asm___12_rtx_system_c_024f2f18__atomic_inc16_lt 0x08000575   Thumb Code    30  rtx_system.o(.emb_text)
    __asm___12_rtx_system_c_024f2f18__atomic_inc16_lim 0x08000593   Thumb Code    26  rtx_system.o(.emb_text)
    __asm___12_rtx_system_c_024f2f18__atomic_dec32 0x080005ad   Thumb Code    18  rtx_system.o(.emb_text)
    __asm___12_rtx_system_c_024f2f18__atomic_dec32_nz 0x080005bf   Thumb Code    26  rtx_system.o(.emb_text)
    __asm___12_rtx_system_c_024f2f18__atomic_dec16_nz 0x080005d9   Thumb Code    26  rtx_system.o(.emb_text)
    __asm___12_rtx_system_c_024f2f18__atomic_link_get 0x080005f3   Thumb Code    26  rtx_system.o(.emb_text)
    __asm___12_rtx_system_c_024f2f18__atomic_link_put 0x0800060d   Thumb Code    28  rtx_system.o(.emb_text)
    __asm___12_rtx_thread_c_add96be5__atomic_wr8 0x08000629   Thumb Code    16  rtx_thread.o(.emb_text)
    __asm___12_rtx_thread_c_add96be5__atomic_set32 0x08000639   Thumb Code    20  rtx_thread.o(.emb_text)
    __asm___12_rtx_thread_c_add96be5__atomic_clr32 0x0800064d   Thumb Code    22  rtx_thread.o(.emb_text)
    __asm___12_rtx_thread_c_add96be5__atomic_chk32_all 0x08000663   Thumb Code    38  rtx_thread.o(.emb_text)
    __asm___12_rtx_thread_c_add96be5__atomic_chk32_any 0x08000689   Thumb Code    34  rtx_thread.o(.emb_text)
    __asm___12_rtx_thread_c_add96be5__atomic_inc32 0x080006ab   Thumb Code    18  rtx_thread.o(.emb_text)
    __asm___12_rtx_thread_c_add96be5__atomic_inc16_lt 0x080006bd   Thumb Code    30  rtx_thread.o(.emb_text)
    __asm___12_rtx_thread_c_add96be5__atomic_inc16_lim 0x080006db   Thumb Code    26  rtx_thread.o(.emb_text)
    __asm___12_rtx_thread_c_add96be5__atomic_dec32 0x080006f5   Thumb Code    18  rtx_thread.o(.emb_text)
    __asm___12_rtx_thread_c_add96be5__atomic_dec32_nz 0x08000707   Thumb Code    26  rtx_thread.o(.emb_text)
    __asm___12_rtx_thread_c_add96be5__atomic_dec16_nz 0x08000721   Thumb Code    26  rtx_thread.o(.emb_text)
    __asm___12_rtx_thread_c_add96be5__atomic_link_get 0x0800073b   Thumb Code    26  rtx_thread.o(.emb_text)
    __asm___12_rtx_thread_c_add96be5__atomic_link_put 0x08000755   Thumb Code    28  rtx_thread.o(.emb_text)
    __asm___15_EventRecorder_c_e8d3082c__atomic_inc8 0x08000771   Thumb Code    18  eventrecorder.o(.emb_text)
    __asm___15_EventRecorder_c_e8d3082c__atomic_inc32 0x08000783   Thumb Code    18  eventrecorder.o(.emb_text)
    __asm___15_EventRecorder_c_e8d3082c__atomic_xch32 0x08000795   Thumb Code    16  eventrecorder.o(.emb_text)
    __asm___15_EventRecorder_c_e8d3082c__LockRecord 0x080007a5   Thumb Code    34  eventrecorder.o(.emb_text)
    __asm___15_EventRecorder_c_e8d3082c__UnlockRecord 0x080007c7   Thumb Code    30  eventrecorder.o(.emb_text)
    SVC_Handler                              0x080007e5   Thumb Code   152  irq_cm4f.o(.text)
    PendSV_Handler                           0x0800087d   Thumb Code    16  irq_cm4f.o(.text)
    SysTick_Handler                          0x0800088d   Thumb Code    16  irq_cm4f.o(.text)
    Reset_Handler                            0x080008a9   Thumb Code     8  startup_stm32f407xx.o(.text)
    NMI_Handler                              0x080008b1   Thumb Code     2  startup_stm32f407xx.o(.text)
    HardFault_Handler                        0x080008b3   Thumb Code     2  startup_stm32f407xx.o(.text)
    MemManage_Handler                        0x080008b5   Thumb Code     2  startup_stm32f407xx.o(.text)
    BusFault_Handler                         0x080008b7   Thumb Code     2  startup_stm32f407xx.o(.text)
    UsageFault_Handler                       0x080008b9   Thumb Code     2  startup_stm32f407xx.o(.text)
    DebugMon_Handler                         0x080008bd   Thumb Code     2  startup_stm32f407xx.o(.text)
    ADC_IRQHandler                           0x080008c3   Thumb Code     0  startup_stm32f407xx.o(.text)
    CAN1_RX0_IRQHandler                      0x080008c3   Thumb Code     0  startup_stm32f407xx.o(.text)
    CAN1_RX1_IRQHandler                      0x080008c3   Thumb Code     0  startup_stm32f407xx.o(.text)
    CAN1_SCE_IRQHandler                      0x080008c3   Thumb Code     0  startup_stm32f407xx.o(.text)
    CAN1_TX_IRQHandler                       0x080008c3   Thumb Code     0  startup_stm32f407xx.o(.text)
    CAN2_RX0_IRQHandler                      0x080008c3   Thumb Code     0  startup_stm32f407xx.o(.text)
    CAN2_RX1_IRQHandler                      0x080008c3   Thumb Code     0  startup_stm32f407xx.o(.text)
    CAN2_SCE_IRQHandler                      0x080008c3   Thumb Code     0  startup_stm32f407xx.o(.text)
    CAN2_TX_IRQHandler                       0x080008c3   Thumb Code     0  startup_stm32f407xx.o(.text)
    DCMI_IRQHandler                          0x080008c3   Thumb Code     0  startup_stm32f407xx.o(.text)
    DMA1_Stream0_IRQHandler                  0x080008c3   Thumb Code     0  startup_stm32f407xx.o(.text)
    DMA1_Stream1_IRQHandler                  0x080008c3   Thumb Code     0  startup_stm32f407xx.o(.text)
    DMA1_Stream2_IRQHandler                  0x080008c3   Thumb Code     0  startup_stm32f407xx.o(.text)
    DMA1_Stream3_IRQHandler                  0x080008c3   Thumb Code     0  startup_stm32f407xx.o(.text)
    DMA1_Stream4_IRQHandler                  0x080008c3   Thumb Code     0  startup_stm32f407xx.o(.text)
    DMA1_Stream5_IRQHandler                  0x080008c3   Thumb Code     0  startup_stm32f407xx.o(.text)
    DMA1_Stream6_IRQHandler                  0x080008c3   Thumb Code     0  startup_stm32f407xx.o(.text)
    DMA1_Stream7_IRQHandler                  0x080008c3   Thumb Code     0  startup_stm32f407xx.o(.text)
    DMA2_Stream0_IRQHandler                  0x080008c3   Thumb Code     0  startup_stm32f407xx.o(.text)
    DMA2_Stream1_IRQHandler                  0x080008c3   Thumb Code     0  startup_stm32f407xx.o(.text)
    DMA2_Stream2_IRQHandler                  0x080008c3   Thumb Code     0  startup_stm32f407xx.o(.text)
    DMA2_Stream3_IRQHandler                  0x080008c3   Thumb Code     0  startup_stm32f407xx.o(.text)
    DMA2_Stream4_IRQHandler                  0x080008c3   Thumb Code     0  startup_stm32f407xx.o(.text)
    DMA2_Stream5_IRQHandler                  0x080008c3   Thumb Code     0  startup_stm32f407xx.o(.text)
    DMA2_Stream6_IRQHandler                  0x080008c3   Thumb Code     0  startup_stm32f407xx.o(.text)
    DMA2_Stream7_IRQHandler                  0x080008c3   Thumb Code     0  startup_stm32f407xx.o(.text)
    ETH_IRQHandler                           0x080008c3   Thumb Code     0  startup_stm32f407xx.o(.text)
    ETH_WKUP_IRQHandler                      0x080008c3   Thumb Code     0  startup_stm32f407xx.o(.text)
    EXTI0_IRQHandler                         0x080008c3   Thumb Code     0  startup_stm32f407xx.o(.text)
    EXTI15_10_IRQHandler                     0x080008c3   Thumb Code     0  startup_stm32f407xx.o(.text)
    EXTI1_IRQHandler                         0x080008c3   Thumb Code     0  startup_stm32f407xx.o(.text)
    EXTI2_IRQHandler                         0x080008c3   Thumb Code     0  startup_stm32f407xx.o(.text)
    EXTI3_IRQHandler                         0x080008c3   Thumb Code     0  startup_stm32f407xx.o(.text)
    EXTI4_IRQHandler                         0x080008c3   Thumb Code     0  startup_stm32f407xx.o(.text)
    EXTI9_5_IRQHandler                       0x080008c3   Thumb Code     0  startup_stm32f407xx.o(.text)
    FLASH_IRQHandler                         0x080008c3   Thumb Code     0  startup_stm32f407xx.o(.text)
    FMC_IRQHandler                           0x080008c3   Thumb Code     0  startup_stm32f407xx.o(.text)
    FPU_IRQHandler                           0x080008c3   Thumb Code     0  startup_stm32f407xx.o(.text)
    HASH_RNG_IRQHandler                      0x080008c3   Thumb Code     0  startup_stm32f407xx.o(.text)
    I2C1_ER_IRQHandler                       0x080008c3   Thumb Code     0  startup_stm32f407xx.o(.text)
    I2C1_EV_IRQHandler                       0x080008c3   Thumb Code     0  startup_stm32f407xx.o(.text)
    I2C2_ER_IRQHandler                       0x080008c3   Thumb Code     0  startup_stm32f407xx.o(.text)
    I2C2_EV_IRQHandler                       0x080008c3   Thumb Code     0  startup_stm32f407xx.o(.text)
    I2C3_ER_IRQHandler                       0x080008c3   Thumb Code     0  startup_stm32f407xx.o(.text)
    I2C3_EV_IRQHandler                       0x080008c3   Thumb Code     0  startup_stm32f407xx.o(.text)
    OTG_FS_IRQHandler                        0x080008c3   Thumb Code     0  startup_stm32f407xx.o(.text)
    OTG_FS_WKUP_IRQHandler                   0x080008c3   Thumb Code     0  startup_stm32f407xx.o(.text)
    OTG_HS_EP1_IN_IRQHandler                 0x080008c3   Thumb Code     0  startup_stm32f407xx.o(.text)
    OTG_HS_EP1_OUT_IRQHandler                0x080008c3   Thumb Code     0  startup_stm32f407xx.o(.text)
    OTG_HS_IRQHandler                        0x080008c3   Thumb Code     0  startup_stm32f407xx.o(.text)
    OTG_HS_WKUP_IRQHandler                   0x080008c3   Thumb Code     0  startup_stm32f407xx.o(.text)
    PVD_IRQHandler                           0x080008c3   Thumb Code     0  startup_stm32f407xx.o(.text)
    RCC_IRQHandler                           0x080008c3   Thumb Code     0  startup_stm32f407xx.o(.text)
    RTC_Alarm_IRQHandler                     0x080008c3   Thumb Code     0  startup_stm32f407xx.o(.text)
    RTC_WKUP_IRQHandler                      0x080008c3   Thumb Code     0  startup_stm32f407xx.o(.text)
    SDIO_IRQHandler                          0x080008c3   Thumb Code     0  startup_stm32f407xx.o(.text)
    SPI1_IRQHandler                          0x080008c3   Thumb Code     0  startup_stm32f407xx.o(.text)
    SPI2_IRQHandler                          0x080008c3   Thumb Code     0  startup_stm32f407xx.o(.text)
    SPI3_IRQHandler                          0x080008c3   Thumb Code     0  startup_stm32f407xx.o(.text)
    TAMP_STAMP_IRQHandler                    0x080008c3   Thumb Code     0  startup_stm32f407xx.o(.text)
    TIM1_BRK_TIM9_IRQHandler                 0x080008c3   Thumb Code     0  startup_stm32f407xx.o(.text)
    TIM1_CC_IRQHandler                       0x080008c3   Thumb Code     0  startup_stm32f407xx.o(.text)
    TIM1_TRG_COM_TIM11_IRQHandler            0x080008c3   Thumb Code     0  startup_stm32f407xx.o(.text)
    TIM1_UP_TIM10_IRQHandler                 0x080008c3   Thumb Code     0  startup_stm32f407xx.o(.text)
    TIM2_IRQHandler                          0x080008c3   Thumb Code     0  startup_stm32f407xx.o(.text)
    TIM3_IRQHandler                          0x080008c3   Thumb Code     0  startup_stm32f407xx.o(.text)
    TIM4_IRQHandler                          0x080008c3   Thumb Code     0  startup_stm32f407xx.o(.text)
    TIM5_IRQHandler                          0x080008c3   Thumb Code     0  startup_stm32f407xx.o(.text)
    TIM6_DAC_IRQHandler                      0x080008c3   Thumb Code     0  startup_stm32f407xx.o(.text)
    TIM7_IRQHandler                          0x080008c3   Thumb Code     0  startup_stm32f407xx.o(.text)
    TIM8_BRK_TIM12_IRQHandler                0x080008c3   Thumb Code     0  startup_stm32f407xx.o(.text)
    TIM8_CC_IRQHandler                       0x080008c3   Thumb Code     0  startup_stm32f407xx.o(.text)
    TIM8_TRG_COM_TIM14_IRQHandler            0x080008c3   Thumb Code     0  startup_stm32f407xx.o(.text)
    TIM8_UP_TIM13_IRQHandler                 0x080008c3   Thumb Code     0  startup_stm32f407xx.o(.text)
    UART4_IRQHandler                         0x080008c3   Thumb Code     0  startup_stm32f407xx.o(.text)
    UART5_IRQHandler                         0x080008c3   Thumb Code     0  startup_stm32f407xx.o(.text)
    USART1_IRQHandler                        0x080008c3   Thumb Code     0  startup_stm32f407xx.o(.text)
    USART2_IRQHandler                        0x080008c3   Thumb Code     0  startup_stm32f407xx.o(.text)
    USART3_IRQHandler                        0x080008c3   Thumb Code     0  startup_stm32f407xx.o(.text)
    USART6_IRQHandler                        0x080008c3   Thumb Code     0  startup_stm32f407xx.o(.text)
    WWDG_IRQHandler                          0x080008c3   Thumb Code     0  startup_stm32f407xx.o(.text)
    __user_initial_stackheap                 0x080008c5   Thumb Code     0  startup_stm32f407xx.o(.text)
    __aeabi_uldivmod                         0x080008e9   Thumb Code     0  lludivv7m.o(.text)
    _ll_udiv                                 0x080008e9   Thumb Code   238  lludivv7m.o(.text)
    __aeabi_memcpy                           0x080009d7   Thumb Code     0  rt_memcpy_v6.o(.text)
    __rt_memcpy                              0x080009d7   Thumb Code   138  rt_memcpy_v6.o(.text)
    _memcpy_lastbytes                        0x08000a3d   Thumb Code     0  rt_memcpy_v6.o(.text)
    __aeabi_memclr                           0x08000a61   Thumb Code     0  rt_memclr.o(.text)
    __rt_memclr                              0x08000a61   Thumb Code    68  rt_memclr.o(.text)
    _memset                                  0x08000a65   Thumb Code     0  rt_memclr.o(.text)
    __aeabi_memclr4                          0x08000aa5   Thumb Code     0  rt_memclr_w.o(.text)
    __aeabi_memclr8                          0x08000aa5   Thumb Code     0  rt_memclr_w.o(.text)
    __rt_memclr_w                            0x08000aa5   Thumb Code    78  rt_memclr_w.o(.text)
    _memset_w                                0x08000aa9   Thumb Code     0  rt_memclr_w.o(.text)
    __use_two_region_memory                  0x08000af3   Thumb Code     2  heapauxi.o(.text)
    __rt_heap_escrow$2region                 0x08000af5   Thumb Code     2  heapauxi.o(.text)
    __rt_heap_expand$2region                 0x08000af7   Thumb Code     2  heapauxi.o(.text)
    __aeabi_memcpy4                          0x08000af9   Thumb Code     0  rt_memcpy_w.o(.text)
    __aeabi_memcpy8                          0x08000af9   Thumb Code     0  rt_memcpy_w.o(.text)
    __rt_memcpy_w                            0x08000af9   Thumb Code   100  rt_memcpy_w.o(.text)
    _memcpy_lastbytes_aligned                0x08000b41   Thumb Code     0  rt_memcpy_w.o(.text)
    __user_setup_stackheap                   0x08000b5d   Thumb Code    74  sys_stackheap_outer.o(.text)
    exit                                     0x08000ba7   Thumb Code    18  exit.o(.text)
    __user_libspace                          0x08000bb9   Thumb Code     8  libspace.o(.text)
    __user_perproc_libspace                  0x08000bb9   Thumb Code     0  libspace.o(.text)
    _sys_exit                                0x08000bc1   Thumb Code     8  sys_exit.o(.text)
    __I$use$semihosting                      0x08000bcd   Thumb Code     0  use_no_semi.o(.text)
    __use_no_semihosting_swi                 0x08000bcd   Thumb Code     2  use_no_semi.o(.text)
    __semihosting_library_function           0x08000bcf   Thumb Code     0  indicate_semi.o(.text)
    EventRecord2                             0x08000c2d   Thumb Code    62  eventrecorder.o(i.EventRecord2)
    EventRecord4                             0x08000c6d   Thumb Code   108  eventrecorder.o(i.EventRecord4)
    EventRecordData                          0x08000ce1   Thumb Code   262  eventrecorder.o(i.EventRecordData)
    EventRecorderEnable                      0x08000ea1   Thumb Code    84  eventrecorder.o(i.EventRecorderEnable)
    EventRecorderInitialize                  0x08000ef9   Thumb Code   226  eventrecorder.o(i.EventRecorderInitialize)
    EventRecorderStart                       0x08000ff1   Thumb Code    38  eventrecorder.o(i.EventRecorderStart)
    EventRecorderTimerGetCount               0x08001021   Thumb Code     6  eventrecorder.o(i.EventRecorderTimerGetCount)
    EventRecorderTimerGetFreq                0x0800102d   Thumb Code     6  eventrecorder.o(i.EventRecorderTimerGetFreq)
    EventRecorderTimerSetup                  0x08001039   Thumb Code    24  eventrecorder.o(i.EventRecorderTimerSetup)
    EvrRtxEventFlagsWaitTimeout              0x08001059   Thumb Code    10  rtx_evr.o(i.EvrRtxEventFlagsWaitTimeout)
    EvrRtxKernelError                        0x08001069   Thumb Code    12  rtx_evr.o(i.EvrRtxKernelError)
    EvrRtxKernelGetState                     0x08001075   Thumb Code    10  rtx_evr.o(i.EvrRtxKernelGetState)
    EvrRtxKernelInitialize                   0x08001085   Thumb Code    10  rtx_evr.o(i.EvrRtxKernelInitialize)
    EvrRtxKernelInitialized                  0x08001095   Thumb Code    10  rtx_evr.o(i.EvrRtxKernelInitialized)
    EvrRtxKernelStart                        0x080010a5   Thumb Code    10  rtx_evr.o(i.EvrRtxKernelStart)
    EvrRtxKernelStarted                      0x080010b5   Thumb Code    10  rtx_evr.o(i.EvrRtxKernelStarted)
    EvrRtxMemoryAlloc                        0x080010c5   Thumb Code    18  rtx_evr.o(i.EvrRtxMemoryAlloc)
    EvrRtxMemoryBlockAlloc                   0x080010dd   Thumb Code    10  rtx_evr.o(i.EvrRtxMemoryBlockAlloc)
    EvrRtxMemoryBlockFree                    0x080010ed   Thumb Code    22  rtx_evr.o(i.EvrRtxMemoryBlockFree)
    EvrRtxMemoryBlockInit                    0x08001109   Thumb Code    18  rtx_evr.o(i.EvrRtxMemoryBlockInit)
    EvrRtxMemoryFree                         0x08001121   Thumb Code    22  rtx_evr.o(i.EvrRtxMemoryFree)
    EvrRtxMemoryInit                         0x0800113d   Thumb Code    24  rtx_evr.o(i.EvrRtxMemoryInit)
    EvrRtxMemoryPoolAllocTimeout             0x08001155   Thumb Code    10  rtx_evr.o(i.EvrRtxMemoryPoolAllocTimeout)
    EvrRtxMessageQueueCreated                0x08001165   Thumb Code    10  rtx_evr.o(i.EvrRtxMessageQueueCreated)
    EvrRtxMessageQueueError                  0x08001175   Thumb Code    12  rtx_evr.o(i.EvrRtxMessageQueueError)
    EvrRtxMessageQueueGet                    0x08001181   Thumb Code    18  rtx_evr.o(i.EvrRtxMessageQueueGet)
    EvrRtxMessageQueueGetPending             0x08001199   Thumb Code    22  rtx_evr.o(i.EvrRtxMessageQueueGetPending)
    EvrRtxMessageQueueGetTimeout             0x080011b5   Thumb Code    10  rtx_evr.o(i.EvrRtxMessageQueueGetTimeout)
    EvrRtxMessageQueueInsertPending          0x080011c5   Thumb Code    10  rtx_evr.o(i.EvrRtxMessageQueueInsertPending)
    EvrRtxMessageQueueInserted               0x080011d5   Thumb Code    10  rtx_evr.o(i.EvrRtxMessageQueueInserted)
    EvrRtxMessageQueueNew                    0x080011e5   Thumb Code    42  rtx_evr.o(i.EvrRtxMessageQueueNew)
    EvrRtxMessageQueueNotInserted            0x08001219   Thumb Code    10  rtx_evr.o(i.EvrRtxMessageQueueNotInserted)
    EvrRtxMessageQueueNotRetrieved           0x08001229   Thumb Code    10  rtx_evr.o(i.EvrRtxMessageQueueNotRetrieved)
    EvrRtxMessageQueuePut                    0x08001239   Thumb Code    18  rtx_evr.o(i.EvrRtxMessageQueuePut)
    EvrRtxMessageQueuePutPending             0x08001251   Thumb Code    22  rtx_evr.o(i.EvrRtxMessageQueuePutPending)
    EvrRtxMessageQueuePutTimeout             0x0800126d   Thumb Code    10  rtx_evr.o(i.EvrRtxMessageQueuePutTimeout)
    EvrRtxMessageQueueRetrieved              0x0800127d   Thumb Code    10  rtx_evr.o(i.EvrRtxMessageQueueRetrieved)
    EvrRtxMutexAcquire                       0x0800128d   Thumb Code    10  rtx_evr.o(i.EvrRtxMutexAcquire)
    EvrRtxMutexAcquirePending                0x0800129d   Thumb Code    10  rtx_evr.o(i.EvrRtxMutexAcquirePending)
    EvrRtxMutexAcquireTimeout                0x080012ad   Thumb Code    10  rtx_evr.o(i.EvrRtxMutexAcquireTimeout)
    EvrRtxMutexAcquired                      0x080012bd   Thumb Code    10  rtx_evr.o(i.EvrRtxMutexAcquired)
    EvrRtxMutexCreated                       0x080012cd   Thumb Code    10  rtx_evr.o(i.EvrRtxMutexCreated)
    EvrRtxMutexDelete                        0x080012dd   Thumb Code    10  rtx_evr.o(i.EvrRtxMutexDelete)
    EvrRtxMutexDestroyed                     0x080012ed   Thumb Code    10  rtx_evr.o(i.EvrRtxMutexDestroyed)
    EvrRtxMutexError                         0x080012fd   Thumb Code    12  rtx_evr.o(i.EvrRtxMutexError)
    EvrRtxMutexNew                           0x08001309   Thumb Code    34  rtx_evr.o(i.EvrRtxMutexNew)
    EvrRtxMutexNotAcquired                   0x08001335   Thumb Code    10  rtx_evr.o(i.EvrRtxMutexNotAcquired)
    EvrRtxMutexRelease                       0x08001345   Thumb Code    10  rtx_evr.o(i.EvrRtxMutexRelease)
    EvrRtxMutexReleased                      0x08001355   Thumb Code    10  rtx_evr.o(i.EvrRtxMutexReleased)
    EvrRtxSemaphoreAcquireTimeout            0x08001365   Thumb Code    10  rtx_evr.o(i.EvrRtxSemaphoreAcquireTimeout)
    EvrRtxThreadBlocked                      0x08001375   Thumb Code    10  rtx_evr.o(i.EvrRtxThreadBlocked)
    EvrRtxThreadCreated                      0x08001385   Thumb Code    24  rtx_evr.o(i.EvrRtxThreadCreated)
    EvrRtxThreadDelay                        0x080013a1   Thumb Code    10  rtx_evr.o(i.EvrRtxThreadDelay)
    EvrRtxThreadDelayCompleted               0x080013b1   Thumb Code    10  rtx_evr.o(i.EvrRtxThreadDelayCompleted)
    EvrRtxThreadDestroyed                    0x080013c1   Thumb Code    10  rtx_evr.o(i.EvrRtxThreadDestroyed)
    EvrRtxThreadError                        0x080013d1   Thumb Code    12  rtx_evr.o(i.EvrRtxThreadError)
    EvrRtxThreadExit                         0x080013dd   Thumb Code    10  rtx_evr.o(i.EvrRtxThreadExit)
    EvrRtxThreadFlagsWaitCompleted           0x080013ed   Thumb Code    22  rtx_evr.o(i.EvrRtxThreadFlagsWaitCompleted)
    EvrRtxThreadFlagsWaitTimeout             0x08001409   Thumb Code    10  rtx_evr.o(i.EvrRtxThreadFlagsWaitTimeout)
    EvrRtxThreadGetId                        0x08001419   Thumb Code    10  rtx_evr.o(i.EvrRtxThreadGetId)
    EvrRtxThreadJoined                       0x08001429   Thumb Code    10  rtx_evr.o(i.EvrRtxThreadJoined)
    EvrRtxThreadNew                          0x08001439   Thumb Code    42  rtx_evr.o(i.EvrRtxThreadNew)
    EvrRtxThreadPreempted                    0x0800146d   Thumb Code    10  rtx_evr.o(i.EvrRtxThreadPreempted)
    EvrRtxThreadSwitched                     0x0800147d   Thumb Code    10  rtx_evr.o(i.EvrRtxThreadSwitched)
    EvrRtxThreadTerminate                    0x0800148d   Thumb Code    10  rtx_evr.o(i.EvrRtxThreadTerminate)
    EvrRtxThreadUnblocked                    0x0800149d   Thumb Code    10  rtx_evr.o(i.EvrRtxThreadUnblocked)
    EvrRtxTimerCallback                      0x080014ad   Thumb Code    10  rtx_evr.o(i.EvrRtxTimerCallback)
    HAL_GPIO_Init                            0x080014bd   Thumb Code   406  stm32f4xx_hal_gpio.o(i.HAL_GPIO_Init)
    HAL_GPIO_WritePin                        0x08001681   Thumb Code    14  stm32f4xx_hal_gpio.o(i.HAL_GPIO_WritePin)
    HAL_GetREVID                             0x08001691   Thumb Code     8  stm32f4xx_hal.o(i.HAL_GetREVID)
    HAL_GetTick                              0x0800169d   Thumb Code     6  stm32f4xx_hal.o(i.HAL_GetTick)
    HAL_Init                                 0x080016a9   Thumb Code    48  stm32f4xx_hal.o(i.HAL_Init)
    HAL_InitTick                             0x080016dd   Thumb Code    58  stm32f4xx_hal.o(i.HAL_InitTick)
    HAL_MspInit                              0x08001721   Thumb Code     2  stm32f4xx_hal.o(i.HAL_MspInit)
    HAL_NVIC_SetPriority                     0x08001725   Thumb Code    60  stm32f4xx_hal_cortex.o(i.HAL_NVIC_SetPriority)
    HAL_NVIC_SetPriorityGrouping             0x08001765   Thumb Code    26  stm32f4xx_hal_cortex.o(i.HAL_NVIC_SetPriorityGrouping)
    HAL_RCC_ClockConfig                      0x08001789   Thumb Code   308  stm32f4xx_hal_rcc.o(i.HAL_RCC_ClockConfig)
    HAL_RCC_GetSysClockFreq                  0x080018cd   Thumb Code    94  stm32f4xx_hal_rcc.o(i.HAL_RCC_GetSysClockFreq)
    HAL_RCC_OscConfig                        0x08001935   Thumb Code   896  stm32f4xx_hal_rcc.o(i.HAL_RCC_OscConfig)
    HAL_SYSTICK_Config                       0x08001cc5   Thumb Code    40  stm32f4xx_hal_cortex.o(i.HAL_SYSTICK_Config)
    LED_Initialize                           0x08001d8d   Thumb Code    54  led_f4discovery.o(i.LED_Initialize)
    LED_Off                                  0x08001dcd   Thumb Code    36  led_f4discovery.o(i.LED_Off)
    LED_On                                   0x08001df5   Thumb Code    36  led_f4discovery.o(i.LED_On)
    OS_Tick_AcknowledgeIRQ                   0x08001ea7   Thumb Code     8  os_systick.o(i.OS_Tick_AcknowledgeIRQ)
    OS_Tick_Enable                           0x08001eb1   Thumb Code    34  os_systick.o(i.OS_Tick_Enable)
    OS_Tick_GetIRQn                          0x08001edd   Thumb Code     6  os_systick.o(i.OS_Tick_GetIRQn)
    OS_Tick_Setup                            0x08001ee5   Thumb Code    58  os_systick.o(i.OS_Tick_Setup)
    SystemClock_Config                       0x08001f2d   Thumb Code   146  systemclock_config.o(i.SystemClock_Config)
    SystemCoreClockUpdate                    0x08001fcd   Thumb Code   118  system_stm32f4xx.o(i.SystemCoreClockUpdate)
    SystemInit                               0x08002055   Thumb Code    66  system_stm32f4xx.o(i.SystemInit)
    _mutex_acquire                           0x08002149   Thumb Code    28  rtx_lib.o(i._mutex_acquire)
    _mutex_free                              0x08002165   Thumb Code     6  rtx_lib.o(i._mutex_free)
    _mutex_initialize                        0x0800216b   Thumb Code    32  rtx_lib.o(i._mutex_initialize)
    _mutex_release                           0x0800218b   Thumb Code    24  rtx_lib.o(i._mutex_release)
    _platform_post_stackheap_init            0x080021a3   Thumb Code     4  rtx_lib.o(i._platform_post_stackheap_init)
    app_main                                 0x080021a9   Thumb Code    54  manip4.o(i.app_main)
    main                                     0x0800228d   Thumb Code    68  manip4.o(i.main)
    osDelay                                  0x080022d5   Thumb Code    48  rtx_delay.o(i.osDelay)
    osKernelGetState                         0x08002309   Thumb Code    42  rtx_kernel.o(i.osKernelGetState)
    osKernelInitialize                       0x08002339   Thumb Code    44  rtx_kernel.o(i.osKernelInitialize)
    osKernelStart                            0x08002369   Thumb Code    40  rtx_kernel.o(i.osKernelStart)
    osMessageQueueGet                        0x08002395   Thumb Code   144  rtx_msgqueue.o(i.osMessageQueueGet)
    osMessageQueueNew                        0x08002429   Thumb Code    58  rtx_msgqueue.o(i.osMessageQueueNew)
    osMessageQueuePut                        0x08002469   Thumb Code   158  rtx_msgqueue.o(i.osMessageQueuePut)
    osMutexAcquire                           0x0800250d   Thumb Code    54  rtx_mutex.o(i.osMutexAcquire)
    osMutexDelete                            0x08002549   Thumb Code    48  rtx_mutex.o(i.osMutexDelete)
    osMutexNew                               0x0800257d   Thumb Code    46  rtx_mutex.o(i.osMutexNew)
    osMutexRelease                           0x080025b1   Thumb Code    48  rtx_mutex.o(i.osMutexRelease)
    osRtxErrorNotify                         0x080025e5   Thumb Code     2  rtx_config.o(i.osRtxErrorNotify)
    osRtxIdleThread                          0x080025e7   Thumb Code     2  rtx_config.o(i.osRtxIdleThread)
    osRtxKernelPreInit                       0x080025e9   Thumb Code     2  rtx_lib.o(i.osRtxKernelPreInit)
    osRtxMemoryAlloc                         0x080025eb   Thumb Code   144  rtx_memory.o(i.osRtxMemoryAlloc)
    osRtxMemoryFree                          0x0800267b   Thumb Code    84  rtx_memory.o(i.osRtxMemoryFree)
    osRtxMemoryInit                          0x080026cf   Thumb Code    64  rtx_memory.o(i.osRtxMemoryInit)
    osRtxMemoryPoolAlloc                     0x0800270f   Thumb Code    50  rtx_mempool.o(i.osRtxMemoryPoolAlloc)
    osRtxMemoryPoolFree                      0x08002741   Thumb Code    70  rtx_mempool.o(i.osRtxMemoryPoolFree)
    osRtxMemoryPoolInit                      0x08002787   Thumb Code    72  rtx_mempool.o(i.osRtxMemoryPoolInit)
    osRtxMutexOwnerRelease                   0x080028c9   Thumb Code    82  rtx_mutex.o(i.osRtxMutexOwnerRelease)
    osRtxPendSV_Handler                      0x0800291d   Thumb Code    70  rtx_system.o(i.osRtxPendSV_Handler)
    osRtxPostProcess                         0x08002969   Thumb Code    46  rtx_system.o(i.osRtxPostProcess)
    osRtxThreadDelayTick                     0x08002a91   Thumb Code   188  rtx_thread.o(i.osRtxThreadDelayTick)
    osRtxThreadDispatch                      0x08002b51   Thumb Code   110  rtx_thread.o(i.osRtxThreadDispatch)
    osRtxThreadListGet                       0x08002c19   Thumb Code    24  rtx_thread.o(i.osRtxThreadListGet)
    osRtxThreadListPut                       0x08002c31   Thumb Code    42  rtx_thread.o(i.osRtxThreadListPut)
    osRtxThreadListRemove                    0x08002c5b   Thumb Code    24  rtx_thread.o(i.osRtxThreadListRemove)
    osRtxThreadListSort                      0x08002c83   Thumb Code    44  rtx_thread.o(i.osRtxThreadListSort)
    osRtxThreadReadyPut                      0x08002ce9   Thumb Code    12  rtx_thread.o(i.osRtxThreadReadyPut)
    osRtxThreadRegPtr                        0x08002cf9   Thumb Code    20  rtx_thread.o(i.osRtxThreadRegPtr)
    osRtxThreadStackCheck                    0x08002d0d   Thumb Code    32  rtx_thread.o(i.osRtxThreadStackCheck)
    osRtxThreadStartup                       0x08002d35   Thumb Code    58  rtx_thread.o(i.osRtxThreadStartup)
    osRtxThreadSwitch                        0x08002d81   Thumb Code    26  rtx_thread.o(i.osRtxThreadSwitch)
    osRtxThreadWaitEnter                     0x08002da1   Thumb Code    68  rtx_thread.o(i.osRtxThreadWaitEnter)
    osRtxThreadWaitExit                      0x08002de9   Thumb Code    52  rtx_thread.o(i.osRtxThreadWaitExit)
    osRtxTick_Handler                        0x08002e1d   Thumb Code   120  rtx_system.o(i.osRtxTick_Handler)
    osRtxTimerThread                         0x08002e99   Thumb Code    64  rtx_timer.o(i.osRtxTimerThread)
    osThreadExit                             0x08002f3d   Thumb Code    22  rtx_thread.o(i.osThreadExit)
    osThreadGetId                            0x08002f59   Thumb Code    30  rtx_thread.o(i.osThreadGetId)
    osThreadNew                              0x08002f7d   Thumb Code    58  rtx_thread.o(i.osThreadNew)
    osThreadTerminate                        0x08002fbd   Thumb Code    48  rtx_thread.o(i.osThreadTerminate)
    thread_A                                 0x08003cb1   Thumb Code    38  manip4.o(i.thread_A)
    thread_B                                 0x08003cdd   Thumb Code    32  manip4.o(i.thread_B)
    thread_C                                 0x08003d01   Thumb Code    32  manip4.o(i.thread_C)
    thread_D                                 0x08003d25   Thumb Code    32  manip4.o(i.thread_D)
    _fp_init                                 0x08003d49   Thumb Code    10  fpinit.o(x$fpl$fpinit)
    __fplib_config_fpu_vfp                   0x08003d51   Thumb Code     0  fpinit.o(x$fpl$fpinit)
    __fplib_config_pureend_doubles           0x08003d51   Thumb Code     0  fpinit.o(x$fpl$fpinit)
    thread_C_attr                            0x08003d54   Data          36  manip4.o(.constdata)
    osRtxUserSVC                             0x08003df8   Data           4  rtx_lib.o(.constdata)
    EventRecorderInfo                        0x08003dfc   Data          24  eventrecorder.o(.constdata)
    AHBPrescTable                            0x08003e14   Data          16  system_stm32f4xx.o(.constdata)
    osRtxConfig                              0x08003e30   Data         104  rtx_lib.o(.rodata)
    Region$$Table$$Base                      0x08003e98   Number         0  anon$$obj.o(Region$$Table)
    Region$$Table$$Limit                     0x08003eb8   Number         0  anon$$obj.o(Region$$Table)
    .bss.os.msgqueue.cb$$Base                0x20001040   Number         0  rtx_lib.o(.bss.os.msgqueue.cb)
    .bss.os.msgqueue.cb$$Limit               0x20001074   Number         0  rtx_lib.o(.bss.os.msgqueue.cb)
    .bss.os.thread.cb$$Base                  0x200010c4   Number         0  rtx_lib.o(.bss.os.thread.cb)
    .bss.os.thread.cb$$Limit                 0x2000114c   Number         0  rtx_lib.o(.bss.os.thread.cb)
    uwTickFreq                               0x20001354   Data           1  stm32f4xx_hal.o(.data)
    uwTickPrio                               0x20001358   Data           4  stm32f4xx_hal.o(.data)
    uwTick                                   0x2000135c   Data           4  stm32f4xx_hal.o(.data)
    SystemCoreClock                          0x20001360   Data           4  system_stm32f4xx.o(.data)
    osRtxInfo                                0x20001364   Data         164  rtx_kernel.o(.data.os)
    __libspace_start                         0x20001408   Data          96  libspace.o(.bss)
    __temporary_stack_top$libspace           0x20001468   Data           0  libspace.o(.bss)



==============================================================================

Memory Map of the image

  Image Entry point : 0x08000189

  Load Region LR_IROM1 (Base: 0x08000000, Size: 0x000052c0, Max: 0x00100000, ABSOLUTE, COMPRESSED[0x00003ef4])

    Execution Region ER_IROM1 (Exec base: 0x08000000, Load base: 0x08000000, Size: 0x00003eb8, Max: 0x00100000, ABSOLUTE)

    Exec Addr    Load Addr    Size         Type   Attr      Idx    E Section Name        Object

    0x08000000   0x08000000   0x00000188   Data   RO         3902    RESET               startup_stm32f407xx.o
    0x08000188   0x08000188   0x00000008   Code   RO         3957  * !!!main             c_w.l(__main.o)
    0x08000190   0x08000190   0x00000034   Code   RO         4126    !!!scatter          c_w.l(__scatter.o)
    0x080001c4   0x080001c4   0x0000003a   Code   RO         4124    !!dczerorl          c_w.l(__dczerorl.o)
    0x080001fe   0x080001fe   0x00000002   PAD
    0x08000200   0x08000200   0x0000001c   Code   RO         4128    !!handler_zi        c_w.l(__scatter_zi.o)
    0x0800021c   0x0800021c   0x00000002   Code   RO         3994    .ARM.Collect$$libinit$$00000000  c_w.l(libinit.o)
    0x0800021e   0x0800021e   0x00000004   Code   RO         4006    .ARM.Collect$$libinit$$00000001  c_w.l(libinit2.o)
    0x08000222   0x08000222   0x00000000   Code   RO         4009    .ARM.Collect$$libinit$$00000004  c_w.l(libinit2.o)
    0x08000222   0x08000222   0x00000000   Code   RO         4012    .ARM.Collect$$libinit$$0000000A  c_w.l(libinit2.o)
    0x08000222   0x08000222   0x00000000   Code   RO         4014    .ARM.Collect$$libinit$$0000000C  c_w.l(libinit2.o)
    0x08000222   0x08000222   0x00000000   Code   RO         4016    .ARM.Collect$$libinit$$0000000E  c_w.l(libinit2.o)
    0x08000222   0x08000222   0x00000000   Code   RO         4019    .ARM.Collect$$libinit$$00000011  c_w.l(libinit2.o)
    0x08000222   0x08000222   0x00000000   Code   RO         4021    .ARM.Collect$$libinit$$00000013  c_w.l(libinit2.o)
    0x08000222   0x08000222   0x00000000   Code   RO         4023    .ARM.Collect$$libinit$$00000015  c_w.l(libinit2.o)
    0x08000222   0x08000222   0x00000000   Code   RO         4025    .ARM.Collect$$libinit$$00000017  c_w.l(libinit2.o)
    0x08000222   0x08000222   0x00000000   Code   RO         4027    .ARM.Collect$$libinit$$00000019  c_w.l(libinit2.o)
    0x08000222   0x08000222   0x00000000   Code   RO         4029    .ARM.Collect$$libinit$$0000001B  c_w.l(libinit2.o)
    0x08000222   0x08000222   0x00000000   Code   RO         4031    .ARM.Collect$$libinit$$0000001D  c_w.l(libinit2.o)
    0x08000222   0x08000222   0x00000000   Code   RO         4033    .ARM.Collect$$libinit$$0000001F  c_w.l(libinit2.o)
    0x08000222   0x08000222   0x00000000   Code   RO         4035    .ARM.Collect$$libinit$$00000021  c_w.l(libinit2.o)
    0x08000222   0x08000222   0x00000000   Code   RO         4037    .ARM.Collect$$libinit$$00000023  c_w.l(libinit2.o)
    0x08000222   0x08000222   0x00000000   Code   RO         4039    .ARM.Collect$$libinit$$00000025  c_w.l(libinit2.o)
    0x08000222   0x08000222   0x00000000   Code   RO         4043    .ARM.Collect$$libinit$$0000002C  c_w.l(libinit2.o)
    0x08000222   0x08000222   0x00000000   Code   RO         4045    .ARM.Collect$$libinit$$0000002E  c_w.l(libinit2.o)
    0x08000222   0x08000222   0x00000000   Code   RO         4047    .ARM.Collect$$libinit$$00000030  c_w.l(libinit2.o)
    0x08000222   0x08000222   0x00000000   Code   RO         4049    .ARM.Collect$$libinit$$00000032  c_w.l(libinit2.o)
    0x08000222   0x08000222   0x00000002   Code   RO         4050    .ARM.Collect$$libinit$$00000033  c_w.l(libinit2.o)
    0x08000224   0x08000224   0x00000002   Code   RO         4081    .ARM.Collect$$libshutdown$$00000000  c_w.l(libshutdown.o)
    0x08000226   0x08000226   0x00000000   Code   RO         4107    .ARM.Collect$$libshutdown$$00000002  c_w.l(libshutdown2.o)
    0x08000226   0x08000226   0x00000000   Code   RO         4109    .ARM.Collect$$libshutdown$$00000004  c_w.l(libshutdown2.o)
    0x08000226   0x08000226   0x00000000   Code   RO         4112    .ARM.Collect$$libshutdown$$00000007  c_w.l(libshutdown2.o)
    0x08000226   0x08000226   0x00000000   Code   RO         4115    .ARM.Collect$$libshutdown$$0000000A  c_w.l(libshutdown2.o)
    0x08000226   0x08000226   0x00000000   Code   RO         4117    .ARM.Collect$$libshutdown$$0000000C  c_w.l(libshutdown2.o)
    0x08000226   0x08000226   0x00000000   Code   RO         4120    .ARM.Collect$$libshutdown$$0000000F  c_w.l(libshutdown2.o)
    0x08000226   0x08000226   0x00000002   Code   RO         4121    .ARM.Collect$$libshutdown$$00000010  c_w.l(libshutdown2.o)
    0x08000228   0x08000228   0x00000000   Code   RO         3959    .ARM.Collect$$rtentry$$00000000  c_w.l(__rtentry.o)
    0x08000228   0x08000228   0x00000000   Code   RO         3967    .ARM.Collect$$rtentry$$00000002  c_w.l(__rtentry2.o)
    0x08000228   0x08000228   0x00000006   Code   RO         3979    .ARM.Collect$$rtentry$$00000004  c_w.l(__rtentry4.o)
    0x0800022e   0x0800022e   0x00000008   Code   RO         3968    .ARM.Collect$$rtentry$$00000008  c_w.l(__rtentry2.o)
    0x08000236   0x08000236   0x00000004   Code   RO         3970    .ARM.Collect$$rtentry$$0000000A  c_w.l(__rtentry2.o)
    0x0800023a   0x0800023a   0x00000000   Code   RO         3972    .ARM.Collect$$rtentry$$0000000C  c_w.l(__rtentry2.o)
    0x0800023a   0x0800023a   0x00000008   Code   RO         3973    .ARM.Collect$$rtentry$$0000000D  c_w.l(__rtentry2.o)
    0x08000242   0x08000242   0x00000002   Code   RO         3998    .ARM.Collect$$rtexit$$00000000  c_w.l(rtexit.o)
    0x08000244   0x08000244   0x00000000   Code   RO         4054    .ARM.Collect$$rtexit$$00000002  c_w.l(rtexit2.o)
    0x08000244   0x08000244   0x00000004   Code   RO         4055    .ARM.Collect$$rtexit$$00000003  c_w.l(rtexit2.o)
    0x08000248   0x08000248   0x00000006   Code   RO         4056    .ARM.Collect$$rtexit$$00000004  c_w.l(rtexit2.o)
    0x0800024e   0x0800024e   0x00000002   PAD
    0x08000250   0x08000250   0x00000148   Code   RO         1848    .emb_text           rtx_mempool.o
    0x08000398   0x08000398   0x00000148   Code   RO         2005    .emb_text           rtx_msgqueue.o
    0x080004e0   0x080004e0   0x00000148   Code   RO         2396    .emb_text           rtx_system.o
    0x08000628   0x08000628   0x00000148   Code   RO         2452    .emb_text           rtx_thread.o
    0x08000770   0x08000770   0x00000074   Code   RO         3080    .emb_text           eventrecorder.o
    0x080007e4   0x080007e4   0x000000c4   Code   RO          247    .text               irq_cm4f.o
    0x080008a8   0x080008a8   0x00000040   Code   RO         3903    .text               startup_stm32f407xx.o
    0x080008e8   0x080008e8   0x000000ee   Code   RO         3947    .text               c_w.l(lludivv7m.o)
    0x080009d6   0x080009d6   0x0000008a   Code   RO         3949    .text               c_w.l(rt_memcpy_v6.o)
    0x08000a60   0x08000a60   0x00000044   Code   RO         3951    .text               c_w.l(rt_memclr.o)
    0x08000aa4   0x08000aa4   0x0000004e   Code   RO         3953    .text               c_w.l(rt_memclr_w.o)
    0x08000af2   0x08000af2   0x00000006   Code   RO         3955    .text               c_w.l(heapauxi.o)
    0x08000af8   0x08000af8   0x00000064   Code   RO         3964    .text               c_w.l(rt_memcpy_w.o)
    0x08000b5c   0x08000b5c   0x0000004a   Code   RO         3983    .text               c_w.l(sys_stackheap_outer.o)
    0x08000ba6   0x08000ba6   0x00000012   Code   RO         3985    .text               c_w.l(exit.o)
    0x08000bb8   0x08000bb8   0x00000008   Code   RO         3995    .text               c_w.l(libspace.o)
    0x08000bc0   0x08000bc0   0x0000000c   Code   RO         4051    .text               c_w.l(sys_exit.o)
    0x08000bcc   0x08000bcc   0x00000002   Code   RO         4070    .text               c_w.l(use_no_semi.o)
    0x08000bce   0x08000bce   0x00000000   Code   RO         4072    .text               c_w.l(indicate_semi.o)
    0x08000bce   0x08000bce   0x00000002   Code   RO            4    i.Error_Handler     systemclock_config.o
    0x08000bd0   0x08000bd0   0x00000028   Code   RO         3081    i.EventCheckFilter  eventrecorder.o
    0x08000bf8   0x08000bf8   0x00000034   Code   RO         3082    i.EventGetTS        eventrecorder.o
    0x08000c2c   0x08000c2c   0x0000003e   Code   RO         3083    i.EventRecord2      eventrecorder.o
    0x08000c6a   0x08000c6a   0x00000002   PAD
    0x08000c6c   0x08000c6c   0x00000074   Code   RO         3084    i.EventRecord4      eventrecorder.o
    0x08000ce0   0x08000ce0   0x0000010c   Code   RO         3085    i.EventRecordData   eventrecorder.o
    0x08000dec   0x08000dec   0x000000b4   Code   RO         3086    i.EventRecordItem   eventrecorder.o
    0x08000ea0   0x08000ea0   0x00000058   Code   RO         3089    i.EventRecorderEnable  eventrecorder.o
    0x08000ef8   0x08000ef8   0x000000f8   Code   RO         3090    i.EventRecorderInitialize  eventrecorder.o
    0x08000ff0   0x08000ff0   0x00000030   Code   RO         3091    i.EventRecorderStart  eventrecorder.o
    0x08001020   0x08001020   0x0000000c   Code   RO         3093    i.EventRecorderTimerGetCount  eventrecorder.o
    0x0800102c   0x0800102c   0x0000000c   Code   RO         3094    i.EventRecorderTimerGetFreq  eventrecorder.o
    0x08001038   0x08001038   0x00000020   Code   RO         3095    i.EventRecorderTimerSetup  eventrecorder.o
    0x08001058   0x08001058   0x00000010   Code   RO          492    i.EvrRtxEventFlagsWaitTimeout  rtx_evr.o
    0x08001068   0x08001068   0x0000000c   Code   RO          493    i.EvrRtxKernelError  rtx_evr.o
    0x08001074   0x08001074   0x00000010   Code   RO          495    i.EvrRtxKernelGetState  rtx_evr.o
    0x08001084   0x08001084   0x00000010   Code   RO          501    i.EvrRtxKernelInitialize  rtx_evr.o
    0x08001094   0x08001094   0x00000010   Code   RO          502    i.EvrRtxKernelInitialized  rtx_evr.o
    0x080010a4   0x080010a4   0x00000010   Code   RO          509    i.EvrRtxKernelStart  rtx_evr.o
    0x080010b4   0x080010b4   0x00000010   Code   RO          510    i.EvrRtxKernelStarted  rtx_evr.o
    0x080010c4   0x080010c4   0x00000018   Code   RO          515    i.EvrRtxMemoryAlloc  rtx_evr.o
    0x080010dc   0x080010dc   0x00000010   Code   RO          516    i.EvrRtxMemoryBlockAlloc  rtx_evr.o
    0x080010ec   0x080010ec   0x0000001c   Code   RO          517    i.EvrRtxMemoryBlockFree  rtx_evr.o
    0x08001108   0x08001108   0x00000018   Code   RO          518    i.EvrRtxMemoryBlockInit  rtx_evr.o
    0x08001120   0x08001120   0x0000001c   Code   RO          519    i.EvrRtxMemoryFree  rtx_evr.o
    0x0800113c   0x0800113c   0x00000018   Code   RO          520    i.EvrRtxMemoryInit  rtx_evr.o
    0x08001154   0x08001154   0x00000010   Code   RO          524    i.EvrRtxMemoryPoolAllocTimeout  rtx_evr.o
    0x08001164   0x08001164   0x00000010   Code   RO          539    i.EvrRtxMessageQueueCreated  rtx_evr.o
    0x08001174   0x08001174   0x0000000c   Code   RO          542    i.EvrRtxMessageQueueError  rtx_evr.o
    0x08001180   0x08001180   0x00000018   Code   RO          543    i.EvrRtxMessageQueueGet  rtx_evr.o
    0x08001198   0x08001198   0x0000001c   Code   RO          548    i.EvrRtxMessageQueueGetPending  rtx_evr.o
    0x080011b4   0x080011b4   0x00000010   Code   RO          550    i.EvrRtxMessageQueueGetTimeout  rtx_evr.o
    0x080011c4   0x080011c4   0x00000010   Code   RO          551    i.EvrRtxMessageQueueInsertPending  rtx_evr.o
    0x080011d4   0x080011d4   0x00000010   Code   RO          552    i.EvrRtxMessageQueueInserted  rtx_evr.o
    0x080011e4   0x080011e4   0x00000034   Code   RO          553    i.EvrRtxMessageQueueNew  rtx_evr.o
    0x08001218   0x08001218   0x00000010   Code   RO          554    i.EvrRtxMessageQueueNotInserted  rtx_evr.o
    0x08001228   0x08001228   0x00000010   Code   RO          555    i.EvrRtxMessageQueueNotRetrieved  rtx_evr.o
    0x08001238   0x08001238   0x00000018   Code   RO          556    i.EvrRtxMessageQueuePut  rtx_evr.o
    0x08001250   0x08001250   0x0000001c   Code   RO          557    i.EvrRtxMessageQueuePutPending  rtx_evr.o
    0x0800126c   0x0800126c   0x00000010   Code   RO          558    i.EvrRtxMessageQueuePutTimeout  rtx_evr.o
    0x0800127c   0x0800127c   0x00000010   Code   RO          561    i.EvrRtxMessageQueueRetrieved  rtx_evr.o
    0x0800128c   0x0800128c   0x00000010   Code   RO          562    i.EvrRtxMutexAcquire  rtx_evr.o
    0x0800129c   0x0800129c   0x00000010   Code   RO          563    i.EvrRtxMutexAcquirePending  rtx_evr.o
    0x080012ac   0x080012ac   0x00000010   Code   RO          564    i.EvrRtxMutexAcquireTimeout  rtx_evr.o
    0x080012bc   0x080012bc   0x00000010   Code   RO          565    i.EvrRtxMutexAcquired  rtx_evr.o
    0x080012cc   0x080012cc   0x00000010   Code   RO          566    i.EvrRtxMutexCreated  rtx_evr.o
    0x080012dc   0x080012dc   0x00000010   Code   RO          567    i.EvrRtxMutexDelete  rtx_evr.o
    0x080012ec   0x080012ec   0x00000010   Code   RO          568    i.EvrRtxMutexDestroyed  rtx_evr.o
    0x080012fc   0x080012fc   0x0000000c   Code   RO          569    i.EvrRtxMutexError  rtx_evr.o
    0x08001308   0x08001308   0x0000002c   Code   RO          572    i.EvrRtxMutexNew    rtx_evr.o
    0x08001334   0x08001334   0x00000010   Code   RO          573    i.EvrRtxMutexNotAcquired  rtx_evr.o
    0x08001344   0x08001344   0x00000010   Code   RO          574    i.EvrRtxMutexRelease  rtx_evr.o
    0x08001354   0x08001354   0x00000010   Code   RO          575    i.EvrRtxMutexReleased  rtx_evr.o
    0x08001364   0x08001364   0x00000010   Code   RO          578    i.EvrRtxSemaphoreAcquireTimeout  rtx_evr.o
    0x08001374   0x08001374   0x00000010   Code   RO          590    i.EvrRtxThreadBlocked  rtx_evr.o
    0x08001384   0x08001384   0x0000001c   Code   RO          591    i.EvrRtxThreadCreated  rtx_evr.o
    0x080013a0   0x080013a0   0x00000010   Code   RO          592    i.EvrRtxThreadDelay  rtx_evr.o
    0x080013b0   0x080013b0   0x00000010   Code   RO          593    i.EvrRtxThreadDelayCompleted  rtx_evr.o
    0x080013c0   0x080013c0   0x00000010   Code   RO          595    i.EvrRtxThreadDestroyed  rtx_evr.o
    0x080013d0   0x080013d0   0x0000000c   Code   RO          599    i.EvrRtxThreadError  rtx_evr.o
    0x080013dc   0x080013dc   0x00000010   Code   RO          600    i.EvrRtxThreadExit  rtx_evr.o
    0x080013ec   0x080013ec   0x0000001c   Code   RO          607    i.EvrRtxThreadFlagsWaitCompleted  rtx_evr.o
    0x08001408   0x08001408   0x00000010   Code   RO          610    i.EvrRtxThreadFlagsWaitTimeout  rtx_evr.o
    0x08001418   0x08001418   0x00000010   Code   RO          612    i.EvrRtxThreadGetId  rtx_evr.o
    0x08001428   0x08001428   0x00000010   Code   RO          620    i.EvrRtxThreadJoined  rtx_evr.o
    0x08001438   0x08001438   0x00000034   Code   RO          621    i.EvrRtxThreadNew   rtx_evr.o
    0x0800146c   0x0800146c   0x00000010   Code   RO          622    i.EvrRtxThreadPreempted  rtx_evr.o
    0x0800147c   0x0800147c   0x00000010   Code   RO          628    i.EvrRtxThreadSwitched  rtx_evr.o
    0x0800148c   0x0800148c   0x00000010   Code   RO          629    i.EvrRtxThreadTerminate  rtx_evr.o
    0x0800149c   0x0800149c   0x00000010   Code   RO          630    i.EvrRtxThreadUnblocked  rtx_evr.o
    0x080014ac   0x080014ac   0x00000010   Code   RO          632    i.EvrRtxTimerCallback  rtx_evr.o
    0x080014bc   0x080014bc   0x000001c4   Code   RO         3510    i.HAL_GPIO_Init     stm32f4xx_hal_gpio.o
    0x08001680   0x08001680   0x0000000e   Code   RO         3514    i.HAL_GPIO_WritePin  stm32f4xx_hal_gpio.o
    0x0800168e   0x0800168e   0x00000002   PAD
    0x08001690   0x08001690   0x0000000c   Code   RO         3213    i.HAL_GetREVID      stm32f4xx_hal.o
    0x0800169c   0x0800169c   0x0000000c   Code   RO         3214    i.HAL_GetTick       stm32f4xx_hal.o
    0x080016a8   0x080016a8   0x00000034   Code   RO         3219    i.HAL_Init          stm32f4xx_hal.o
    0x080016dc   0x080016dc   0x00000044   Code   RO         3220    i.HAL_InitTick      stm32f4xx_hal.o
    0x08001720   0x08001720   0x00000002   Code   RO         3222    i.HAL_MspInit       stm32f4xx_hal.o
    0x08001722   0x08001722   0x00000002   PAD
    0x08001724   0x08001724   0x00000040   Code   RO         3383    i.HAL_NVIC_SetPriority  stm32f4xx_hal_cortex.o
    0x08001764   0x08001764   0x00000024   Code   RO         3384    i.HAL_NVIC_SetPriorityGrouping  stm32f4xx_hal_cortex.o
    0x08001788   0x08001788   0x00000144   Code   RO         3748    i.HAL_RCC_ClockConfig  stm32f4xx_hal_rcc.o
    0x080018cc   0x080018cc   0x00000068   Code   RO         3757    i.HAL_RCC_GetSysClockFreq  stm32f4xx_hal_rcc.o
    0x08001934   0x08001934   0x00000390   Code   RO         3760    i.HAL_RCC_OscConfig  stm32f4xx_hal_rcc.o
    0x08001cc4   0x08001cc4   0x00000028   Code   RO         3388    i.HAL_SYSTICK_Config  stm32f4xx_hal_cortex.o
    0x08001cec   0x08001cec   0x00000014   Code   RO          255    i.IsIrqMasked       rtx_delay.o
    0x08001d00   0x08001d00   0x00000014   Code   RO         1501    i.IsIrqMasked       rtx_kernel.o
    0x08001d14   0x08001d14   0x00000014   Code   RO         2006    i.IsIrqMasked       rtx_msgqueue.o
    0x08001d28   0x08001d28   0x00000014   Code   RO         2174    i.IsIrqMasked       rtx_mutex.o
    0x08001d3c   0x08001d3c   0x00000014   Code   RO         2453    i.IsIrqMasked       rtx_thread.o
    0x08001d50   0x08001d50   0x0000000c   Code   RO          256    i.IsIrqMode         rtx_delay.o
    0x08001d5c   0x08001d5c   0x0000000c   Code   RO         1502    i.IsIrqMode         rtx_kernel.o
    0x08001d68   0x08001d68   0x0000000c   Code   RO         2007    i.IsIrqMode         rtx_msgqueue.o
    0x08001d74   0x08001d74   0x0000000c   Code   RO         2175    i.IsIrqMode         rtx_mutex.o
    0x08001d80   0x08001d80   0x0000000c   Code   RO         2454    i.IsIrqMode         rtx_thread.o
    0x08001d8c   0x08001d8c   0x00000040   Code   RO          194    i.LED_Initialize    led_f4discovery.o
    0x08001dcc   0x08001dcc   0x00000028   Code   RO          195    i.LED_Off           led_f4discovery.o
    0x08001df4   0x08001df4   0x00000028   Code   RO          196    i.LED_On            led_f4discovery.o
    0x08001e1c   0x08001e1c   0x0000002a   Code   RO         2008    i.MessageQueueGet   rtx_msgqueue.o
    0x08001e46   0x08001e46   0x00000042   Code   RO         2009    i.MessageQueuePut   rtx_msgqueue.o
    0x08001e88   0x08001e88   0x0000001e   Code   RO         2010    i.MessageQueueRemove  rtx_msgqueue.o
    0x08001ea6   0x08001ea6   0x00000008   Code   RO         2976    i.OS_Tick_AcknowledgeIRQ  os_systick.o
    0x08001eae   0x08001eae   0x00000002   PAD
    0x08001eb0   0x08001eb0   0x0000002c   Code   RO         2978    i.OS_Tick_Enable    os_systick.o
    0x08001edc   0x08001edc   0x00000006   Code   RO         2981    i.OS_Tick_GetIRQn   os_systick.o
    0x08001ee2   0x08001ee2   0x00000002   PAD
    0x08001ee4   0x08001ee4   0x00000048   Code   RO         2984    i.OS_Tick_Setup     os_systick.o
    0x08001f2c   0x08001f2c   0x000000a0   Code   RO            5    i.SystemClock_Config  systemclock_config.o
    0x08001fcc   0x08001fcc   0x00000088   Code   RO         3910    i.SystemCoreClockUpdate  system_stm32f4xx.o
    0x08002054   0x08002054   0x00000054   Code   RO         3911    i.SystemInit        system_stm32f4xx.o
    0x080020a8   0x080020a8   0x0000002e   Code   RO         2455    i.ThreadFlagsCheck  rtx_thread.o
    0x080020d6   0x080020d6   0x00000002   PAD
    0x080020d8   0x080020d8   0x00000038   Code   RO         2852    i.TimerInsert       rtx_timer.o
    0x08002110   0x08002110   0x00000018   Code   RO         2854    i.TimerUnlink       rtx_timer.o
    0x08002128   0x08002128   0x00000020   Code   RO         3390    i.__NVIC_SetPriority  stm32f4xx_hal_cortex.o
    0x08002148   0x08002148   0x0000001c   Code   RO         1715    i._mutex_acquire    rtx_lib.o
    0x08002164   0x08002164   0x00000006   Code   RO         1716    i._mutex_free       rtx_lib.o
    0x0800216a   0x0800216a   0x00000020   Code   RO         1717    i._mutex_initialize  rtx_lib.o
    0x0800218a   0x0800218a   0x00000018   Code   RO         1718    i._mutex_release    rtx_lib.o
    0x080021a2   0x080021a2   0x00000004   Code   RO         1719    i._platform_post_stackheap_init  rtx_lib.o
    0x080021a6   0x080021a6   0x00000002   PAD
    0x080021a8   0x080021a8   0x0000004c   Code   RO          123    i.app_main          manip4.o
    0x080021f4   0x080021f4   0x00000038   Code   RO         3096    i.crc16_ccitt       eventrecorder.o
    0x0800222c   0x0800222c   0x0000002c   Code   RO         2397    i.isr_queue_get     rtx_system.o
    0x08002258   0x08002258   0x00000034   Code   RO         2398    i.isr_queue_put     rtx_system.o
    0x0800228c   0x0800228c   0x00000048   Code   RO          124    i.main              manip4.o
    0x080022d4   0x080022d4   0x00000034   Code   RO          257    i.osDelay           rtx_delay.o
    0x08002308   0x08002308   0x00000030   Code   RO         1506    i.osKernelGetState  rtx_kernel.o
    0x08002338   0x08002338   0x00000030   Code   RO         1511    i.osKernelInitialize  rtx_kernel.o
    0x08002368   0x08002368   0x0000002c   Code   RO         1515    i.osKernelStart     rtx_kernel.o
    0x08002394   0x08002394   0x00000094   Code   RO         2012    i.osMessageQueueGet  rtx_msgqueue.o
    0x08002428   0x08002428   0x00000040   Code   RO         2018    i.osMessageQueueNew  rtx_msgqueue.o
    0x08002468   0x08002468   0x000000a4   Code   RO         2019    i.osMessageQueuePut  rtx_msgqueue.o
    0x0800250c   0x0800250c   0x0000003c   Code   RO         2176    i.osMutexAcquire    rtx_mutex.o
    0x08002548   0x08002548   0x00000034   Code   RO         2177    i.osMutexDelete     rtx_mutex.o
    0x0800257c   0x0800257c   0x00000034   Code   RO         2180    i.osMutexNew        rtx_mutex.o
    0x080025b0   0x080025b0   0x00000034   Code   RO         2181    i.osMutexRelease    rtx_mutex.o
    0x080025e4   0x080025e4   0x00000002   Code   RO         3050    i.osRtxErrorNotify  rtx_config.o
    0x080025e6   0x080025e6   0x00000002   Code   RO         3051    i.osRtxIdleThread   rtx_config.o
    0x080025e8   0x080025e8   0x00000002   Code   RO         1720    i.osRtxKernelPreInit  rtx_lib.o
    0x080025ea   0x080025ea   0x00000090   Code   RO         1806    i.osRtxMemoryAlloc  rtx_memory.o
    0x0800267a   0x0800267a   0x00000054   Code   RO         1807    i.osRtxMemoryFree   rtx_memory.o
    0x080026ce   0x080026ce   0x00000040   Code   RO         1808    i.osRtxMemoryInit   rtx_memory.o
    0x0800270e   0x0800270e   0x00000032   Code   RO         1860    i.osRtxMemoryPoolAlloc  rtx_mempool.o
    0x08002740   0x08002740   0x00000046   Code   RO         1861    i.osRtxMemoryPoolFree  rtx_mempool.o
    0x08002786   0x08002786   0x00000048   Code   RO         1862    i.osRtxMemoryPoolInit  rtx_mempool.o
    0x080027ce   0x080027ce   0x000000fa   Code   RO         2021    i.osRtxMessageQueuePostProcess  rtx_msgqueue.o
    0x080028c8   0x080028c8   0x00000052   Code   RO         2182    i.osRtxMutexOwnerRelease  rtx_mutex.o
    0x0800291a   0x0800291a   0x00000002   PAD
    0x0800291c   0x0800291c   0x0000004c   Code   RO         2399    i.osRtxPendSV_Handler  rtx_system.o
    0x08002968   0x08002968   0x00000038   Code   RO         2400    i.osRtxPostProcess  rtx_system.o
    0x080029a0   0x080029a0   0x00000034   Code   RO         2458    i.osRtxThreadBlock  rtx_thread.o
    0x080029d4   0x080029d4   0x0000005c   Code   RO         2459    i.osRtxThreadDelayInsert  rtx_thread.o
    0x08002a30   0x08002a30   0x00000060   Code   RO         2460    i.osRtxThreadDelayRemove  rtx_thread.o
    0x08002a90   0x08002a90   0x000000c0   Code   RO         2461    i.osRtxThreadDelayTick  rtx_thread.o
    0x08002b50   0x08002b50   0x00000074   Code   RO         2462    i.osRtxThreadDispatch  rtx_thread.o
    0x08002bc4   0x08002bc4   0x00000054   Code   RO         2463    i.osRtxThreadFree   rtx_thread.o
    0x08002c18   0x08002c18   0x00000018   Code   RO         2464    i.osRtxThreadListGet  rtx_thread.o
    0x08002c30   0x08002c30   0x0000002a   Code   RO         2465    i.osRtxThreadListPut  rtx_thread.o
    0x08002c5a   0x08002c5a   0x00000018   Code   RO         2466    i.osRtxThreadListRemove  rtx_thread.o
    0x08002c72   0x08002c72   0x00000010   Code   RO         2467    i.osRtxThreadListRoot  rtx_thread.o
    0x08002c82   0x08002c82   0x0000002c   Code   RO         2468    i.osRtxThreadListSort  rtx_thread.o
    0x08002cae   0x08002cae   0x00000038   Code   RO         2470    i.osRtxThreadPostProcess  rtx_thread.o
    0x08002ce6   0x08002ce6   0x00000002   PAD
    0x08002ce8   0x08002ce8   0x00000010   Code   RO         2471    i.osRtxThreadReadyPut  rtx_thread.o
    0x08002cf8   0x08002cf8   0x00000014   Code   RO         2472    i.osRtxThreadRegPtr  rtx_thread.o
    0x08002d0c   0x08002d0c   0x00000028   Code   RO         2473    i.osRtxThreadStackCheck  rtx_thread.o
    0x08002d34   0x08002d34   0x0000004c   Code   RO         2474    i.osRtxThreadStartup  rtx_thread.o
    0x08002d80   0x08002d80   0x00000020   Code   RO         2475    i.osRtxThreadSwitch  rtx_thread.o
    0x08002da0   0x08002da0   0x00000048   Code   RO         2476    i.osRtxThreadWaitEnter  rtx_thread.o
    0x08002de8   0x08002de8   0x00000034   Code   RO         2477    i.osRtxThreadWaitExit  rtx_thread.o
    0x08002e1c   0x08002e1c   0x0000007c   Code   RO         2401    i.osRtxTick_Handler  rtx_system.o
    0x08002e98   0x08002e98   0x0000004c   Code   RO         2855    i.osRtxTimerThread  rtx_timer.o
    0x08002ee4   0x08002ee4   0x00000058   Code   RO         2856    i.osRtxTimerTick    rtx_timer.o
    0x08002f3c   0x08002f3c   0x0000001c   Code   RO         2480    i.osThreadExit      rtx_thread.o
    0x08002f58   0x08002f58   0x00000024   Code   RO         2486    i.osThreadGetId     rtx_thread.o
    0x08002f7c   0x08002f7c   0x00000040   Code   RO         2493    i.osThreadNew       rtx_thread.o
    0x08002fbc   0x08002fbc   0x00000034   Code   RO         2497    i.osThreadTerminate  rtx_thread.o
    0x08002ff0   0x08002ff0   0x00000020   Code   RO         1721    i.os_kernel_is_active  rtx_lib.o
    0x08003010   0x08003010   0x00000018   Code   RO          259    i.svcRtxDelay       rtx_delay.o
    0x08003028   0x08003028   0x00000014   Code   RO         1520    i.svcRtxKernelGetState  rtx_kernel.o
    0x0800303c   0x0800303c   0x00000188   Code   RO         1525    i.svcRtxKernelInitialize  rtx_kernel.o
    0x080031c4   0x080031c4   0x000000c0   Code   RO         1529    i.svcRtxKernelStart  rtx_kernel.o
    0x08003284   0x08003284   0x00000114   Code   RO         2023    i.svcRtxMessageQueueGet  rtx_msgqueue.o
    0x08003398   0x08003398   0x00000170   Code   RO         2029    i.svcRtxMessageQueueNew  rtx_msgqueue.o
    0x08003508   0x08003508   0x000000fc   Code   RO         2030    i.svcRtxMessageQueuePut  rtx_msgqueue.o
    0x08003604   0x08003604   0x000000e4   Code   RO         2183    i.svcRtxMutexAcquire  rtx_mutex.o
    0x080036e8   0x080036e8   0x000000c4   Code   RO         2184    i.svcRtxMutexDelete  rtx_mutex.o
    0x080037ac   0x080037ac   0x00000094   Code   RO         2187    i.svcRtxMutexNew    rtx_mutex.o
    0x08003840   0x08003840   0x000000e8   Code   RO         2188    i.svcRtxMutexRelease  rtx_mutex.o
    0x08003928   0x08003928   0x0000007c   Code   RO         2501    i.svcRtxThreadExit  rtx_thread.o
    0x080039a4   0x080039a4   0x00000014   Code   RO         2507    i.svcRtxThreadGetId  rtx_thread.o
    0x080039b8   0x080039b8   0x00000214   Code   RO         2514    i.svcRtxThreadNew   rtx_thread.o
    0x08003bcc   0x08003bcc   0x000000e4   Code   RO         2518    i.svcRtxThreadTerminate  rtx_thread.o
    0x08003cb0   0x08003cb0   0x0000002c   Code   RO          125    i.thread_A          manip4.o
    0x08003cdc   0x08003cdc   0x00000024   Code   RO          126    i.thread_B          manip4.o
    0x08003d00   0x08003d00   0x00000024   Code   RO          127    i.thread_C          manip4.o
    0x08003d24   0x08003d24   0x00000024   Code   RO          128    i.thread_D          manip4.o
    0x08003d48   0x08003d48   0x0000000a   Code   RO         4066    x$fpl$fpinit        fz_wm.l(fpinit.o)
    0x08003d52   0x08003d52   0x00000002   PAD
    0x08003d54   0x08003d54   0x00000024   Data   RO          129    .constdata          manip4.o
    0x08003d78   0x08003d78   0x00000020   Data   RO          199    .constdata          led_f4discovery.o
    0x08003d98   0x08003d98   0x00000024   Data   RO         1731    .constdata          rtx_lib.o
    0x08003dbc   0x08003dbc   0x00000024   Data   RO         1732    .constdata          rtx_lib.o
    0x08003de0   0x08003de0   0x00000018   Data   RO         1733    .constdata          rtx_lib.o
    0x08003df8   0x08003df8   0x00000004   Data   RO         1734    .constdata          rtx_lib.o
    0x08003dfc   0x08003dfc   0x00000018   Data   RO         3098    .constdata          eventrecorder.o
    0x08003e14   0x08003e14   0x00000010   Data   RO         3912    .constdata          system_stm32f4xx.o
    0x08003e24   0x08003e24   0x0000000b   Data   RO         1532    .conststrlit        rtx_kernel.o
    0x08003e2f   0x08003e2f   0x00000001   PAD
    0x08003e30   0x08003e30   0x00000068   Data   RO         1737    .rodata             rtx_lib.o
    0x08003e98   0x08003e98   0x00000020   Data   RO         4122    Region$$Table       anon$$obj.o


    Execution Region RW_IRAM1 (Exec base: 0x20000000, Load base: 0x08003eb8, Size: 0x00001f28, Max: 0x00020000, ABSOLUTE, COMPRESSED[0x0000003c])

    Exec Addr    Load Addr    Size         Type   Attr      Idx    E Section Name        Object

    0x20000000   COMPRESSED   0x00001000   Data   RW         1722    .bss.os             rtx_lib.o
    0x20001000   COMPRESSED   0x00000040   Data   RW         1723    .bss.os             rtx_lib.o
    0x20001040   COMPRESSED   0x00000034   Data   RW         1725    .bss.os.msgqueue.cb  rtx_lib.o
    0x20001074   COMPRESSED   0x00000050   Data   RW         1726    .bss.os.msgqueue.mem  rtx_lib.o
    0x200010c4   COMPRESSED   0x00000044   Data   RW         1727    .bss.os.thread.cb   rtx_lib.o
    0x20001108   COMPRESSED   0x00000044   Data   RW         1728    .bss.os.thread.cb   rtx_lib.o
    0x2000114c   COMPRESSED   0x00000004   PAD
    0x20001150   COMPRESSED   0x00000100   Data   RW         1729    .bss.os.thread.stack  rtx_lib.o
    0x20001250   COMPRESSED   0x00000100   Data   RW         1730    .bss.os.thread.stack  rtx_lib.o
    0x20001350   COMPRESSED   0x00000001   Data   RW         1736    .data               rtx_lib.o
    0x20001351   COMPRESSED   0x00000001   Data   RW         2985    .data               os_systick.o
    0x20001352   COMPRESSED   0x00000002   PAD
    0x20001354   COMPRESSED   0x0000000c   Data   RW         3226    .data               stm32f4xx_hal.o
    0x20001360   COMPRESSED   0x00000004   Data   RW         3914    .data               system_stm32f4xx.o
    0x20001364   COMPRESSED   0x000000a4   Data   RW         1533    .data.os            rtx_kernel.o
    0x20001408        -       0x00000060   Zero   RW         3996    .bss                c_w.l(libspace.o)
    0x20001468   COMPRESSED   0x00000018   PAD
    0x20001480        -       0x000004a4   Zero   RW         3097    .bss.noinit         eventrecorder.o
    0x20001924   COMPRESSED   0x00000004   PAD
    0x20001928        -       0x00000200   Zero   RW         3901    HEAP                startup_stm32f407xx.o
    0x20001b28        -       0x00000400   Zero   RW         3900    STACK               startup_stm32f407xx.o


==============================================================================

Image component sizes


      Code (inc. data)   RO Data    RW Data    ZI Data      Debug   Object Name

      1330         90         24          0       1188      21064   eventrecorder.o
       196         12          0          0          0        636   irq_cm4f.o
       144         18         32          0          0       2988   led_f4discovery.o
       300         44         36          0          0       4190   manip4.o
       130         24          0          1          0       2512   os_systick.o
         4          0          0          0          0       1009   rtx_config.o
       108          4          0          0          0      17901   rtx_delay.o
      1124        328          0          0          0      48031   rtx_evr.o
       776         44         11        164          0      24089   rtx_kernel.o
       128          6        204       4941          0      12696   rtx_lib.o
       292          0          0          0          0       4651   rtx_memory.o
       520          0          0          0          0       4039   rtx_mempool.o
      2020         34          0          0          0      23088   rtx_msgqueue.o
      1134         40          0          0          0      12372   rtx_mutex.o
       680         36          0          0          0      10037   rtx_system.o
      2636        124          0          0          0      31026   rtx_thread.o
       244         30          0          0          0       3327   rtx_timer.o
        64         26        392          0       1536        872   startup_stm32f407xx.o
       146         24          0         12          0       4752   stm32f4xx_hal.o
       172         14          0          0          0      33614   stm32f4xx_hal_cortex.o
       466         46          0          0          0       2664   stm32f4xx_hal_gpio.o
      1340         42          0          0          0       4688   stm32f4xx_hal_rcc.o
       220         36         16          4          0       2155   system_stm32f4xx.o
       162         14          0          0          0     635301   systemclock_config.o

    ----------------------------------------------------------------------
     14354       1036        748       5128       2728     907702   Object Totals
         0          0         32          0          0          0   (incl. Generated)
        18          0          1          6          4          0   (incl. Padding)

    ----------------------------------------------------------------------

      Code (inc. data)   RO Data    RW Data    ZI Data      Debug   Library Member Name

        58          0          0          0          0          0   __dczerorl.o
         8          0          0          0          0         68   __main.o
         0          0          0          0          0          0   __rtentry.o
        20          0          0          0          0          0   __rtentry2.o
         6          0          0          0          0          0   __rtentry4.o
        52          8          0          0          0          0   __scatter.o
        28          0          0          0          0          0   __scatter_zi.o
        18          0          0          0          0         80   exit.o
         6          0          0          0          0        152   heapauxi.o
         0          0          0          0          0          0   indicate_semi.o
         2          0          0          0          0          0   libinit.o
         6          0          0          0          0          0   libinit2.o
         2          0          0          0          0          0   libshutdown.o
         2          0          0          0          0          0   libshutdown2.o
         8          4          0          0         96         68   libspace.o
       238          0          0          0          0        100   lludivv7m.o
        68          0          0          0          0         68   rt_memclr.o
        78          0          0          0          0         80   rt_memclr_w.o
       138          0          0          0          0         68   rt_memcpy_v6.o
       100          0          0          0          0         80   rt_memcpy_w.o
         2          0          0          0          0          0   rtexit.o
        10          0          0          0          0          0   rtexit2.o
        12          4          0          0          0         68   sys_exit.o
        74          0          0          0          0         80   sys_stackheap_outer.o
         2          0          0          0          0         68   use_no_semi.o
        10          0          0          0          0        116   fpinit.o

    ----------------------------------------------------------------------
       954         16          0          0        120       1096   Library Totals
         6          0          0          0         24          0   (incl. Padding)

    ----------------------------------------------------------------------

      Code (inc. data)   RO Data    RW Data    ZI Data      Debug   Library Name

       938         16          0          0         96        980   c_w.l
        10          0          0          0          0        116   fz_wm.l

    ----------------------------------------------------------------------
       954         16          0          0        120       1096   Library Totals

    ----------------------------------------------------------------------

==============================================================================


      Code (inc. data)   RO Data    RW Data    ZI Data      Debug   

     15308       1052        748       5128       2848     889282   Grand Totals
     15308       1052        748         60       2848     889282   ELF Image Totals (compressed)
     15308       1052        748         60          0          0   ROM Totals

==============================================================================

    Total RO  Size (Code + RO Data)                16056 (  15.68kB)
    Total RW  Size (RW Data + ZI Data)              7976 (   7.79kB)
    Total ROM Size (Code + RO Data + RW Data)      16116 (  15.74kB)

==============================================================================

